nohup: ignoring input
Starting to build with relay.
One or more operators have not been tuned. Please tune your model for better performance. Use DEBUG logging level to see more details.
Traceback (most recent call last):
  File "/home/yj/tvm/python/tvm/testing/test_meta_schedule.py", line 79, in <module>
    rt_mod2 = relay.build(mod, target=target, params=params)
  File "/home/yj/tvm/python/tvm/relay/build_module.py", line 478, in build
    graph_json, runtime_mod, params = bld_mod.build(
  File "/home/yj/tvm/python/tvm/relay/build_module.py", line 202, in build
    self._build(mod, target, target_host, executor, runtime, workspace_memory_pools, mod_name)
  File "/home/yj/tvm/python/tvm/_ffi/_ctypes/packed_func.py", line 237, in __call__
    raise get_last_ffi_error()
tvm._ffi.base.TVMError: Traceback (most recent call last):
  49: TVMFuncCall
        at /home/yj/tvm/src/runtime/c_runtime_api.cc:477
  48: tvm::runtime::PackedFuncObj::CallPacked(tvm::runtime::TVMArgs, tvm::runtime::TVMRetValue*) const
        at /home/yj/tvm/include/tvm/runtime/packed_func.h:1217
  47: tvm::runtime::PackedFuncObj::Extractor<tvm::runtime::PackedFuncSubObj<tvm::relay::backend::RelayBuildModule::GetFunction(std::__cxx11::basic_string<char, std::char_traits<char>, std::allocator<char> > const&, tvm::runtime::ObjectPtr<tvm::runtime::Object> const&)::{lambda(tvm::runtime::TVMArgs, tvm::runtime::TVMRetValue*)#3}> >::Call(tvm::runtime::PackedFuncObj const*, tvm::runtime::TVMArgs, tvm::runtime::TVMRetValue*)
        at /home/yj/tvm/include/tvm/runtime/packed_func.h:1213
  46: tvm::relay::backend::RelayBuildModule::GetFunction(std::__cxx11::basic_string<char, std::char_traits<char>, std::allocator<char> > const&, tvm::runtime::ObjectPtr<tvm::runtime::Object> const&)::{lambda(tvm::runtime::TVMArgs, tvm::runtime::TVMRetValue*)#3}::operator()(tvm::runtime::TVMArgs, tvm::runtime::TVMRetValue*) const
        at /home/yj/tvm/src/relay/backend/build_module.cc:194
  45: tvm::relay::backend::RelayBuildModule::Build(tvm::IRModule, tvm::runtime::Map<tvm::Integer, tvm::Target, void, void> const&, tvm::Target const&, tvm::relay::Executor const&, tvm::relay::Runtime const&, tvm::WorkspaceMemoryPools const&, tvm::runtime::String)
        at /home/yj/tvm/src/relay/backend/build_module.cc:313
  44: tvm::relay::backend::RelayBuildModule::BuildRelay(tvm::IRModule, tvm::runtime::String const&)
        at /home/yj/tvm/src/relay/backend/build_module.cc:422
  43: tvm::relay::backend::ExecutorCodegen::Codegen(tvm::IRModule, tvm::relay::Function const&, tvm::runtime::String)
        at /home/yj/tvm/src/relay/backend/build_module.cc:67
  42: void tvm::relay::backend::ExecutorCodegen::CallFunc<tvm::IRModule, tvm::relay::Function, tvm::runtime::String>(std::__cxx11::basic_string<char, std::char_traits<char>, std::allocator<char> > const&, tvm::IRModule, tvm::relay::Function, tvm::runtime::String)
        at /home/yj/tvm/src/relay/backend/build_module.cc:123
  41: tvm::runtime::TVMRetValue tvm::runtime::PackedFunc::operator()<tvm::IRModule, tvm::relay::Function, tvm::runtime::String>(tvm::IRModule&&, tvm::relay::Function&&, tvm::runtime::String&&) const
        at /home/yj/tvm/include/tvm/runtime/packed_func.h:1618
  40: tvm::runtime::PackedFuncObj::CallPacked(tvm::runtime::TVMArgs, tvm::runtime::TVMRetValue*) const
        at /home/yj/tvm/include/tvm/runtime/packed_func.h:1217
  39: tvm::runtime::PackedFuncObj::Extractor<tvm::runtime::PackedFuncSubObj<tvm::relay::backend::GraphExecutorCodegenModule::GetFunction(std::__cxx11::basic_string<char, std::char_traits<char>, std::allocator<char> > const&, tvm::runtime::ObjectPtr<tvm::runtime::Object> const&)::{lambda(tvm::runtime::TVMArgs, tvm::runtime::TVMRetValue*)#2}> >::Call(tvm::runtime::PackedFuncObj const*, tvm::runtime::TVMArgs, tvm::runtime::TVMRetValue*)
        at /home/yj/tvm/include/tvm/runtime/packed_func.h:1213
  38: tvm::relay::backend::GraphExecutorCodegenModule::GetFunction(std::__cxx11::basic_string<char, std::char_traits<char>, std::allocator<char> > const&, tvm::runtime::ObjectPtr<tvm::runtime::Object> const&)::{lambda(tvm::runtime::TVMArgs, tvm::runtime::TVMRetValue*)#2}::operator()(tvm::runtime::TVMArgs, tvm::runtime::TVMRetValue*) const
        at /home/yj/tvm/src/relay/backend/graph_executor_codegen.cc:651
  37: tvm::relay::backend::GraphExecutorCodegen::Codegen(tvm::IRModule, tvm::relay::Function, tvm::runtime::String)
        at /home/yj/tvm/src/relay/backend/graph_executor_codegen.cc:212
  36: tvm::relay::GraphPlanMemory(tvm::relay::Function const&)
        at /home/yj/tvm/src/relay/backend/graph_plan_memory.cc:484
  35: tvm::relay::StorageAllocator::Plan(tvm::relay::Function const&)
        at /home/yj/tvm/src/relay/backend/graph_plan_memory.cc:251
  34: tvm::relay::StorageAllocaBaseVisitor::Run(tvm::relay::Function const&)
        at /home/yj/tvm/src/relay/backend/graph_plan_memory.cc:80
  33: tvm::relay::ExprVisitor::VisitExpr(tvm::RelayExpr const&)
        at /home/yj/tvm/src/relay/ir/expr_functor.cc:295
  32: tvm::relay::ExprFunctor<void (tvm::RelayExpr const&)>::VisitExpr(tvm::RelayExpr const&)
        at /home/yj/tvm/include/tvm/relay/expr_functor.h:95
  31: tvm::NodeFunctor<void (tvm::runtime::ObjectRef const&, tvm::relay::ExprFunctor<void (tvm::RelayExpr const&)>*)>::operator()(tvm::runtime::ObjectRef const&, tvm::relay::ExprFunctor<void (tvm::RelayExpr const&)>*) const
        at /home/yj/tvm/include/tvm/node/functor.h:97
  30: tvm::relay::ExprFunctor<void (tvm::RelayExpr const&)>::InitVTable()::{lambda(tvm::runtime::ObjectRef const&, tvm::relay::ExprFunctor<void (tvm::RelayExpr const&)>*)#5}::_FUN(tvm::runtime::ObjectRef const&, tvm::relay::ExprFunctor<void (tvm::RelayExpr const&)>*)
        at /home/yj/tvm/include/tvm/relay/expr_functor.h:127
  29: tvm::relay::ExprFunctor<void (tvm::RelayExpr const&)>::InitVTable()::{lambda(tvm::runtime::ObjectRef const&, tvm::relay::ExprFunctor<void (tvm::RelayExpr const&)>*)#5}::operator()(tvm::runtime::ObjectRef const&, tvm::relay::ExprFunctor<void (tvm::RelayExpr const&)>*) const
        at /home/yj/tvm/include/tvm/relay/expr_functor.h:127
  28: tvm::relay::transform::DeviceAwareExprVisitor::VisitExpr_(tvm::relay::FunctionNode const*)
        at /home/yj/tvm/src/relay/transforms/device_aware_visitors.cc:142
  27: tvm::relay::StorageAllocaBaseVisitor::DeviceAwareVisitExpr_(tvm::relay::FunctionNode const*)
        at /home/yj/tvm/src/relay/backend/graph_plan_memory.cc:103
  26: tvm::relay::StorageAllocaBaseVisitor::GetToken(tvm::RelayExpr const&)
        at /home/yj/tvm/src/relay/backend/graph_plan_memory.cc:153
  25: tvm::relay::ExprVisitor::VisitExpr(tvm::RelayExpr const&)
        at /home/yj/tvm/src/relay/ir/expr_functor.cc:295
  24: tvm::relay::ExprFunctor<void (tvm::RelayExpr const&)>::VisitExpr(tvm::RelayExpr const&)
        at /home/yj/tvm/include/tvm/relay/expr_functor.h:95
  23: tvm::NodeFunctor<void (tvm::runtime::ObjectRef const&, tvm::relay::ExprFunctor<void (tvm::RelayExpr const&)>*)>::operator()(tvm::runtime::ObjectRef const&, tvm::relay::ExprFunctor<void (tvm::RelayExpr const&)>*) const
        at /home/yj/tvm/include/tvm/node/functor.h:97
  22: tvm::relay::ExprFunctor<void (tvm::RelayExpr const&)>::InitVTable()::{lambda(tvm::runtime::ObjectRef const&, tvm::relay::ExprFunctor<void (tvm::RelayExpr const&)>*)#2}::_FUN(tvm::runtime::ObjectRef const&, tvm::relay::ExprFunctor<void (tvm::RelayExpr const&)>*)
        at /home/yj/tvm/include/tvm/relay/expr_functor.h:124
  21: tvm::relay::ExprFunctor<void (tvm::RelayExpr const&)>::InitVTable()::{lambda(tvm::runtime::ObjectRef const&, tvm::relay::ExprFunctor<void (tvm::RelayExpr const&)>*)#2}::operator()(tvm::runtime::ObjectRef const&, tvm::relay::ExprFunctor<void (tvm::RelayExpr const&)>*) const
        at /home/yj/tvm/include/tvm/relay/expr_functor.h:124
  20: tvm::relay::StorageAllocaBaseVisitor::VisitExpr_(tvm::relay::TupleNode const*)
        at /home/yj/tvm/src/relay/backend/graph_plan_memory.cc:119
  19: tvm::relay::StorageAllocaBaseVisitor::GetToken(tvm::RelayExpr const&)
        at /home/yj/tvm/src/relay/backend/graph_plan_memory.cc:153
  18: tvm::relay::ExprVisitor::VisitExpr(tvm::RelayExpr const&)
        at /home/yj/tvm/src/relay/ir/expr_functor.cc:295
  17: tvm::relay::ExprFunctor<void (tvm::RelayExpr const&)>::VisitExpr(tvm::RelayExpr const&)
        at /home/yj/tvm/include/tvm/relay/expr_functor.h:95
  16: tvm::NodeFunctor<void (tvm::runtime::ObjectRef const&, tvm::relay::ExprFunctor<void (tvm::RelayExpr const&)>*)>::operator()(tvm::runtime::ObjectRef const&, tvm::relay::ExprFunctor<void (tvm::RelayExpr const&)>*) const
        at /home/yj/tvm/include/tvm/node/functor.h:97
  15: tvm::relay::ExprFunctor<void (tvm::RelayExpr const&)>::InitVTable()::{lambda(tvm::runtime::ObjectRef const&, tvm::relay::ExprFunctor<void (tvm::RelayExpr const&)>*)#6}::_FUN(tvm::runtime::ObjectRef const&, tvm::relay::ExprFunctor<void (tvm::RelayExpr const&)>*)
        at /home/yj/tvm/include/tvm/relay/expr_functor.h:128
  14: tvm::relay::ExprFunctor<void (tvm::RelayExpr const&)>::InitVTable()::{lambda(tvm::runtime::ObjectRef const&, tvm::relay::ExprFunctor<void (tvm::RelayExpr const&)>*)#6}::operator()(tvm::runtime::ObjectRef const&, tvm::relay::ExprFunctor<void (tvm::RelayExpr const&)>*) const
        at /home/yj/tvm/include/tvm/relay/expr_functor.h:128
  13: tvm::relay::transform::DeviceAwareExprVisitor::VisitExpr_(tvm::relay::CallNode const*)
        at /home/yj/tvm/src/relay/transforms/device_aware_visitors.cc:186
  12: tvm::relay::StorageAllocator::DeviceAwareVisitExpr_(tvm::relay::CallNode const*)
        at /home/yj/tvm/src/relay/backend/graph_plan_memory.cc:343
  11: tvm::relay::StorageAllocaBaseVisitor::GetToken(tvm::RelayExpr const&)
        at /home/yj/tvm/src/relay/backend/graph_plan_memory.cc:153
  10: tvm::relay::ExprVisitor::VisitExpr(tvm::RelayExpr const&)
        at /home/yj/tvm/src/relay/ir/expr_functor.cc:295
  9: tvm::relay::ExprFunctor<void (tvm::RelayExpr const&)>::VisitExpr(tvm::RelayExpr const&)
        at /home/yj/tvm/include/tvm/relay/expr_functor.h:95
  8: tvm::NodeFunctor<void (tvm::runtime::ObjectRef const&, tvm::relay::ExprFunctor<void (tvm::RelayExpr const&)>*)>::operator()(tvm::runtime::ObjectRef const&, tvm::relay::ExprFunctor<void (tvm::RelayExpr const&)>*) const
        at /home/yj/tvm/include/tvm/node/functor.h:97
  7: tvm::relay::ExprFunctor<void (tvm::RelayExpr const&)>::InitVTable()::{lambda(tvm::runtime::ObjectRef const&, tvm::relay::ExprFunctor<void (tvm::RelayExpr const&)>*)#6}::_FUN(tvm::runtime::ObjectRef const&, tvm::relay::ExprFunctor<void (tvm::RelayExpr const&)>*)
        at /home/yj/tvm/include/tvm/relay/expr_functor.h:128
  6: tvm::relay::ExprFunctor<void (tvm::RelayExpr const&)>::InitVTable()::{lambda(tvm::runtime::ObjectRef const&, tvm::relay::ExprFunctor<void (tvm::RelayExpr const&)>*)#6}::operator()(tvm::runtime::ObjectRef const&, tvm::relay::ExprFunctor<void (tvm::RelayExpr const&)>*) const
        at /home/yj/tvm/include/tvm/relay/expr_functor.h:128
  5: tvm::relay::transform::DeviceAwareExprVisitor::VisitExpr_(tvm::relay::CallNode const*)
        at /home/yj/tvm/src/relay/transforms/device_aware_visitors.cc:186
  4: tvm::relay::StorageAllocator::DeviceAwareVisitExpr_(tvm::relay::CallNode const*)
        at /home/yj/tvm/src/relay/backend/graph_plan_memory.cc:363
  3: tvm::relay::StorageAllocaBaseVisitor::CreateToken(tvm::RelayExprNode const*, bool)
        at /home/yj/tvm/src/relay/backend/graph_plan_memory.cc:172
  2: tvm::relay::StorageAllocator::CreateTokenOnDevice(tvm::RelayExprNode const*, tvm::VirtualDevice const&, bool)
        at /home/yj/tvm/src/relay/backend/graph_plan_memory.cc:304
  1: tvm::relay::StorageAllocator::Request(tvm::relay::StorageToken*)
        at /home/yj/tvm/src/relay/backend/graph_plan_memory.cc:412
  0: tvm::relay::StorageAllocator::GetMemorySize(tvm::relay::StorageToken*)
        at /home/yj/tvm/src/relay/backend/graph_plan_memory.cc:398
  File "/home/yj/tvm/src/relay/backend/graph_plan_memory.cc", line 398
TVMError: 
---------------------------------------------------------------
An error occurred during the execution of TVM.
For more information, please see: https://tvm.apache.org/docs/errors.html
---------------------------------------------------------------
  Check failed: (pval != nullptr) is false: Cannot allocate memory symbolic tensor shape [?]

During handling of the above exception, another exception occurred:

Traceback (most recent call last):
  File "/home/yj/tvm/python/tvm/testing/test_meta_schedule.py", line 83, in <module>
    vm_exec = relay.vm.compile(mod, target=target, params=params)
  File "/home/yj/tvm/python/tvm/relay/backend/vm.py", line 79, in compile
    compiler.lower(mod, target)
  File "/home/yj/tvm/python/tvm/relay/backend/vm.py", line 155, in lower
    self._lower(mod, target, target_host)
  File "/home/yj/tvm/python/tvm/_ffi/_ctypes/packed_func.py", line 237, in __call__
    raise get_last_ffi_error()
tvm._ffi.base.TVMError: Traceback (most recent call last):
  133: TVMFuncCall
        at /home/yj/tvm/src/runtime/c_runtime_api.cc:477
  132: tvm::runtime::PackedFuncObj::CallPacked(tvm::runtime::TVMArgs, tvm::runtime::TVMRetValue*) const
        at /home/yj/tvm/include/tvm/runtime/packed_func.h:1217
  131: Call
        at /home/yj/tvm/include/tvm/runtime/packed_func.h:1213
  130: operator()
        at /home/yj/tvm/src/relay/backend/vm/compiler.cc:831
  129: tvm::relay::vm::VMCompiler::Lower(tvm::IRModule, tvm::runtime::Map<tvm::Integer, tvm::Target, void, void>, tvm::Target)
        at /home/yj/tvm/src/relay/backend/vm/compiler.cc:882
  128: tvm::relay::vm::VMCompiler::OptimizeModuleImpl(tvm::IRModule)
        at /home/yj/tvm/src/relay/backend/vm/compiler.cc:1106
  127: tvm::transform::Pass::operator()(tvm::IRModule) const
        at /home/yj/tvm/src/ir/transform.cc:255
  126: tvm::transform::Pass::operator()(tvm::IRModule, tvm::transform::PassContext const&) const
        at /home/yj/tvm/src/ir/transform.cc:267
  125: tvm::transform::SequentialNode::operator()(tvm::IRModule, tvm::transform::PassContext const&) const
        at /home/yj/tvm/src/ir/transform.cc:430
  124: tvm::transform::Pass::operator()(tvm::IRModule, tvm::transform::PassContext const&) const
        at /home/yj/tvm/src/ir/transform.cc:267
  123: tvm::transform::SequentialNode::operator()(tvm::IRModule, tvm::transform::PassContext const&) const
        at /home/yj/tvm/src/ir/transform.cc:430
  122: tvm::transform::Pass::operator()(tvm::IRModule, tvm::transform::PassContext const&) const
        at /home/yj/tvm/src/ir/transform.cc:267
  121: tvm::transform::ModulePassNode::operator()(tvm::IRModule, tvm::transform::PassContext const&) const
        at /home/yj/tvm/src/ir/transform.cc:359
  120: tvm::runtime::TypedPackedFunc<tvm::IRModule (tvm::IRModule, tvm::transform::PassContext)>::operator()(tvm::IRModule, tvm::transform::PassContext) const
        at /home/yj/tvm/include/tvm/runtime/packed_func.h:1750
  119: tvm::IRModule tvm::runtime::detail::typed_packed_call_dispatcher<tvm::IRModule>::run<tvm::IRModule, tvm::transform::PassContext>(tvm::runtime::PackedFunc const&, tvm::IRModule&&, tvm::transform::PassContext&&)
        at /home/yj/tvm/include/tvm/runtime/packed_func.h:1694
  118: tvm::runtime::TVMRetValue tvm::runtime::PackedFunc::operator()<tvm::IRModule, tvm::transform::PassContext>(tvm::IRModule&&, tvm::transform::PassContext&&) const
  117: Call
        at /home/yj/tvm/include/tvm/runtime/packed_func.h:1213
  116: operator()
        at /home/yj/tvm/include/tvm/runtime/packed_func.h:1744
  115: unpack_call<tvm::IRModule, 2, tvm::relay::tec::LowerTEPass(const tvm::runtime::String&, tvm::relay::tec::ProcessFn, tvm::VirtualDevice)::<lambda(tvm::IRModule, tvm::relay::transform::PassContext)> >
        at /home/yj/tvm/include/tvm/runtime/packed_func.h:1671
  114: run<>
        at /home/yj/tvm/include/tvm/runtime/packed_func.h:1631
  113: run<tvm::runtime::TVMMovableArgValueWithContext_>
        at /home/yj/tvm/include/tvm/runtime/packed_func.h:1631
  112: run<tvm::runtime::TVMMovableArgValueWithContext_, tvm::runtime::TVMMovableArgValueWithContext_>
        at /home/yj/tvm/include/tvm/runtime/packed_func.h:1646
  111: operator()
        at /home/yj/tvm/src/relay/backend/te_compiler.cc:1195
  110: tvm::relay::tec::LowerTE(tvm::IRModule const&, tvm::runtime::String const&, std::function<void (tvm::BaseFunc)>, tvm::VirtualDevice)
        at /home/yj/tvm/src/relay/backend/te_compiler.cc:1091
  109: tvm::transform::Pass::operator()(tvm::IRModule) const
        at /home/yj/tvm/src/ir/transform.cc:255
  108: tvm::transform::Pass::operator()(tvm::IRModule, tvm::transform::PassContext const&) const
        at /home/yj/tvm/src/ir/transform.cc:267
  107: tvm::relay::transform::FunctionPassNode::operator()(tvm::IRModule, tvm::transform::PassContext const&) const
        at /home/yj/tvm/src/relay/ir/transform.cc:133
  106: tvm::runtime::TypedPackedFunc<tvm::relay::Function (tvm::relay::Function, tvm::IRModule, tvm::transform::PassContext)>::operator()(tvm::relay::Function, tvm::IRModule, tvm::transform::PassContext) const
        at /home/yj/tvm/include/tvm/runtime/packed_func.h:1750
  105: tvm::relay::Function tvm::runtime::detail::typed_packed_call_dispatcher<tvm::relay::Function>::run<tvm::relay::Function, tvm::IRModule, tvm::transform::PassContext>(tvm::runtime::PackedFunc const&, tvm::relay::Function&&, tvm::IRModule&&, tvm::transform::PassContext&&)
        at /home/yj/tvm/include/tvm/runtime/packed_func.h:1694
  104: tvm::runtime::TVMRetValue tvm::runtime::PackedFunc::operator()<tvm::relay::Function, tvm::IRModule, tvm::transform::PassContext>(tvm::relay::Function&&, tvm::IRModule&&, tvm::transform::PassContext&&) const
        at /home/yj/tvm/include/tvm/runtime/packed_func.h:1618
  103: tvm::runtime::PackedFuncObj::CallPacked(tvm::runtime::TVMArgs, tvm::runtime::TVMRetValue*) const
        at /home/yj/tvm/include/tvm/runtime/packed_func.h:1217
  102: Call
        at /home/yj/tvm/include/tvm/runtime/packed_func.h:1213
  101: operator()
        at /home/yj/tvm/include/tvm/runtime/packed_func.h:1744
  100: unpack_call<tvm::relay::Function, 3, tvm::relay::tec::LowerTensorExpr(const tvm::runtime::String&, tvm::relay::tec::TECompiler, tvm::relay::tec::ProcessFn, tvm::VirtualDevice)::<lambda(tvm::relay::Function, tvm::IRModule, tvm::relay::transform::PassContext)> >
        at /home/yj/tvm/include/tvm/runtime/packed_func.h:1671
  99: run<>
        at /home/yj/tvm/include/tvm/runtime/packed_func.h:1631
  98: run<tvm::runtime::TVMMovableArgValueWithContext_>
        at /home/yj/tvm/include/tvm/runtime/packed_func.h:1631
  97: run<tvm::runtime::TVMMovableArgValueWithContext_, tvm::runtime::TVMMovableArgValueWithContext_>
        at /home/yj/tvm/include/tvm/runtime/packed_func.h:1631
  96: run<tvm::runtime::TVMMovableArgValueWithContext_, tvm::runtime::TVMMovableArgValueWithContext_, tvm::runtime::TVMMovableArgValueWithContext_>
        at /home/yj/tvm/include/tvm/runtime/packed_func.h:1646
  95: operator()
        at /home/yj/tvm/src/relay/backend/te_compiler.cc:842
  94: tvm::relay::ExprMutator::Mutate(tvm::RelayExpr const&)
        at /home/yj/tvm/include/tvm/relay/expr_functor.h:190
  93: tvm::relay::ExprMutator::VisitExpr(tvm::RelayExpr const&)
        at /home/yj/tvm/src/relay/ir/expr_functor.cc:158
  92: tvm::relay::ExprFunctor<tvm::RelayExpr (tvm::RelayExpr const&)>::VisitExpr(tvm::RelayExpr const&)
        at /home/yj/tvm/include/tvm/relay/expr_functor.h:95
  91: tvm::NodeFunctor<tvm::RelayExpr (tvm::runtime::ObjectRef const&, tvm::relay::ExprFunctor<tvm::RelayExpr (tvm::RelayExpr const&)>*)>::operator()(tvm::runtime::ObjectRef const&, tvm::relay::ExprFunctor<tvm::RelayExpr (tvm::RelayExpr const&)>*) const
        at /home/yj/tvm/include/tvm/node/functor.h:97
  90: tvm::relay::ExprFunctor<tvm::RelayExpr (tvm::RelayExpr const&)>::InitVTable()::{lambda(tvm::runtime::ObjectRef const&, tvm::relay::ExprFunctor<tvm::RelayExpr (tvm::RelayExpr const&)>*)#5}::_FUN(tvm::runtime::ObjectRef const&, tvm::relay::ExprFunctor<tvm::RelayExpr (tvm::RelayExpr const&)>*)
        at /home/yj/tvm/include/tvm/relay/expr_functor.h:127
  89: tvm::relay::ExprFunctor<tvm::RelayExpr (tvm::RelayExpr const&)>::InitVTable()::{lambda(tvm::runtime::ObjectRef const&, tvm::relay::ExprFunctor<tvm::RelayExpr (tvm::RelayExpr const&)>*)#5}::operator()(tvm::runtime::ObjectRef const&, tvm::relay::ExprFunctor<tvm::RelayExpr (tvm::RelayExpr const&)>*) const
        at /home/yj/tvm/include/tvm/relay/expr_functor.h:127
  88: tvm::relay::transform::DeviceAwareExprMutator::VisitExpr_(tvm::relay::FunctionNode const*)
        at /home/yj/tvm/src/relay/transforms/device_aware_visitors.cc:228
  87: tvm::relay::tec::LowerTensorExprMutator::DeviceAwareVisitExpr_(tvm::relay::FunctionNode const*)
        at /home/yj/tvm/src/relay/backend/te_compiler.cc:691
  86: tvm::relay::transform::DeviceAwareExprMutator::DeviceAwareVisitExpr_(tvm::relay::FunctionNode const*)
        at /home/yj/tvm/src/relay/transforms/device_aware_visitors.cc:283
  85: tvm::relay::ExprMutator::VisitExpr_(tvm::relay::FunctionNode const*)
        at /home/yj/tvm/src/relay/ir/expr_functor.cc:204
  84: tvm::relay::ExprMutator::Mutate(tvm::RelayExpr const&)
        at /home/yj/tvm/include/tvm/relay/expr_functor.h:190
  83: tvm::relay::ExprMutator::VisitExpr(tvm::RelayExpr const&)
        at /home/yj/tvm/src/relay/ir/expr_functor.cc:158
  82: tvm::relay::ExprFunctor<tvm::RelayExpr (tvm::RelayExpr const&)>::VisitExpr(tvm::RelayExpr const&)
        at /home/yj/tvm/include/tvm/relay/expr_functor.h:95
  81: tvm::NodeFunctor<tvm::RelayExpr (tvm::runtime::ObjectRef const&, tvm::relay::ExprFunctor<tvm::RelayExpr (tvm::RelayExpr const&)>*)>::operator()(tvm::runtime::ObjectRef const&, tvm::relay::ExprFunctor<tvm::RelayExpr (tvm::RelayExpr const&)>*) const
        at /home/yj/tvm/include/tvm/node/functor.h:97
  80: tvm::relay::ExprFunctor<tvm::RelayExpr (tvm::RelayExpr const&)>::InitVTable()::{lambda(tvm::runtime::ObjectRef const&, tvm::relay::ExprFunctor<tvm::RelayExpr (tvm::RelayExpr const&)>*)#5}::_FUN(tvm::runtime::ObjectRef const&, tvm::relay::ExprFunctor<tvm::RelayExpr (tvm::RelayExpr const&)>*)
        at /home/yj/tvm/include/tvm/relay/expr_functor.h:127
  79: tvm::relay::ExprFunctor<tvm::RelayExpr (tvm::RelayExpr const&)>::InitVTable()::{lambda(tvm::runtime::ObjectRef const&, tvm::relay::ExprFunctor<tvm::RelayExpr (tvm::RelayExpr const&)>*)#5}::operator()(tvm::runtime::ObjectRef const&, tvm::relay::ExprFunctor<tvm::RelayExpr (tvm::RelayExpr const&)>*) const
        at /home/yj/tvm/include/tvm/relay/expr_functor.h:127
  78: tvm::relay::transform::DeviceAwareExprMutator::VisitExpr_(tvm::relay::FunctionNode const*)
        at /home/yj/tvm/src/relay/transforms/device_aware_visitors.cc:228
  77: tvm::relay::tec::LowerTensorExprMutator::DeviceAwareVisitExpr_(tvm::relay::FunctionNode const*)
        at /home/yj/tvm/src/relay/backend/te_compiler.cc:691
  76: tvm::relay::transform::DeviceAwareExprMutator::DeviceAwareVisitExpr_(tvm::relay::FunctionNode const*)
        at /home/yj/tvm/src/relay/transforms/device_aware_visitors.cc:283
  75: tvm::relay::ExprMutator::VisitExpr_(tvm::relay::FunctionNode const*)
        at /home/yj/tvm/src/relay/ir/expr_functor.cc:204
  74: tvm::relay::ExprMutator::Mutate(tvm::RelayExpr const&)
        at /home/yj/tvm/include/tvm/relay/expr_functor.h:190
  73: tvm::relay::ExprMutator::VisitExpr(tvm::RelayExpr const&)
        at /home/yj/tvm/src/relay/ir/expr_functor.cc:158
  72: tvm::relay::ExprFunctor<tvm::RelayExpr (tvm::RelayExpr const&)>::VisitExpr(tvm::RelayExpr const&)
        at /home/yj/tvm/include/tvm/relay/expr_functor.h:95
  71: tvm::NodeFunctor<tvm::RelayExpr (tvm::runtime::ObjectRef const&, tvm::relay::ExprFunctor<tvm::RelayExpr (tvm::RelayExpr const&)>*)>::operator()(tvm::runtime::ObjectRef const&, tvm::relay::ExprFunctor<tvm::RelayExpr (tvm::RelayExpr const&)>*) const
        at /home/yj/tvm/include/tvm/node/functor.h:97
  70: tvm::relay::ExprFunctor<tvm::RelayExpr (tvm::RelayExpr const&)>::InitVTable()::{lambda(tvm::runtime::ObjectRef const&, tvm::relay::ExprFunctor<tvm::RelayExpr (tvm::RelayExpr const&)>*)#7}::_FUN(tvm::runtime::ObjectRef const&, tvm::relay::ExprFunctor<tvm::RelayExpr (tvm::RelayExpr const&)>*)
        at /home/yj/tvm/include/tvm/relay/expr_functor.h:129
  69: tvm::relay::ExprFunctor<tvm::RelayExpr (tvm::RelayExpr const&)>::InitVTable()::{lambda(tvm::runtime::ObjectRef const&, tvm::relay::ExprFunctor<tvm::RelayExpr (tvm::RelayExpr const&)>*)#7}::operator()(tvm::runtime::ObjectRef const&, tvm::relay::ExprFunctor<tvm::RelayExpr (tvm::RelayExpr const&)>*) const
        at /home/yj/tvm/include/tvm/relay/expr_functor.h:129
  68: tvm::relay::transform::DeviceAwareExprMutator::VisitExpr_(tvm::relay::LetNode const*)
        at /home/yj/tvm/src/relay/transforms/device_aware_visitors.cc:250
  67: tvm::relay::tec::LowerTensorExprMutator::PreVisitLetBinding_(tvm::relay::Var const&, tvm::RelayExpr const&)
        at /home/yj/tvm/src/relay/backend/te_compiler.cc:666
  66: tvm::relay::ExprMutator::Mutate(tvm::RelayExpr const&)
        at /home/yj/tvm/include/tvm/relay/expr_functor.h:190
  65: tvm::relay::ExprMutator::VisitExpr(tvm::RelayExpr const&)
        at /home/yj/tvm/src/relay/ir/expr_functor.cc:158
  64: tvm::relay::ExprFunctor<tvm::RelayExpr (tvm::RelayExpr const&)>::VisitExpr(tvm::RelayExpr const&)
        at /home/yj/tvm/include/tvm/relay/expr_functor.h:95
  63: tvm::NodeFunctor<tvm::RelayExpr (tvm::runtime::ObjectRef const&, tvm::relay::ExprFunctor<tvm::RelayExpr (tvm::RelayExpr const&)>*)>::operator()(tvm::runtime::ObjectRef const&, tvm::relay::ExprFunctor<tvm::RelayExpr (tvm::RelayExpr const&)>*) const
        at /home/yj/tvm/include/tvm/node/functor.h:97
  62: tvm::relay::ExprFunctor<tvm::RelayExpr (tvm::RelayExpr const&)>::InitVTable()::{lambda(tvm::runtime::ObjectRef const&, tvm::relay::ExprFunctor<tvm::RelayExpr (tvm::RelayExpr const&)>*)#6}::_FUN(tvm::runtime::ObjectRef const&, tvm::relay::ExprFunctor<tvm::RelayExpr (tvm::RelayExpr const&)>*)
        at /home/yj/tvm/include/tvm/relay/expr_functor.h:128
  61: tvm::relay::ExprFunctor<tvm::RelayExpr (tvm::RelayExpr const&)>::InitVTable()::{lambda(tvm::runtime::ObjectRef const&, tvm::relay::ExprFunctor<tvm::RelayExpr (tvm::RelayExpr const&)>*)#6}::operator()(tvm::runtime::ObjectRef const&, tvm::relay::ExprFunctor<tvm::RelayExpr (tvm::RelayExpr const&)>*) const
        at /home/yj/tvm/include/tvm/relay/expr_functor.h:128
  60: tvm::relay::transform::DeviceAwareExprMutator::VisitExpr_(tvm::relay::CallNode const*)
        at /home/yj/tvm/src/relay/transforms/device_aware_visitors.cc:273
  59: tvm::relay::ExprMutator::VisitExpr(tvm::RelayExpr const&)
        at /home/yj/tvm/src/relay/ir/expr_functor.cc:158
  58: tvm::relay::ExprFunctor<tvm::RelayExpr (tvm::RelayExpr const&)>::VisitExpr(tvm::RelayExpr const&)
        at /home/yj/tvm/include/tvm/relay/expr_functor.h:95
  57: tvm::NodeFunctor<tvm::RelayExpr (tvm::runtime::ObjectRef const&, tvm::relay::ExprFunctor<tvm::RelayExpr (tvm::RelayExpr const&)>*)>::operator()(tvm::runtime::ObjectRef const&, tvm::relay::ExprFunctor<tvm::RelayExpr (tvm::RelayExpr const&)>*) const
        at /home/yj/tvm/include/tvm/node/functor.h:97
  56: tvm::relay::ExprFunctor<tvm::RelayExpr (tvm::RelayExpr const&)>::InitVTable()::{lambda(tvm::runtime::ObjectRef const&, tvm::relay::ExprFunctor<tvm::RelayExpr (tvm::RelayExpr const&)>*)#8}::_FUN(tvm::runtime::ObjectRef const&, tvm::relay::ExprFunctor<tvm::RelayExpr (tvm::RelayExpr const&)>*)
        at /home/yj/tvm/include/tvm/relay/expr_functor.h:130
  55: tvm::relay::ExprFunctor<tvm::RelayExpr (tvm::RelayExpr const&)>::InitVTable()::{lambda(tvm::runtime::ObjectRef const&, tvm::relay::ExprFunctor<tvm::RelayExpr (tvm::RelayExpr const&)>*)#8}::operator()(tvm::runtime::ObjectRef const&, tvm::relay::ExprFunctor<tvm::RelayExpr (tvm::RelayExpr const&)>*) const
        at /home/yj/tvm/include/tvm/relay/expr_functor.h:130
  54: tvm::relay::ExprMutator::VisitExpr_(tvm::relay::IfNode const*)
        at /home/yj/tvm/src/relay/ir/expr_functor.cc:240
  53: tvm::relay::ExprMutator::Mutate(tvm::RelayExpr const&)
        at /home/yj/tvm/include/tvm/relay/expr_functor.h:190
  52: tvm::relay::ExprMutator::VisitExpr(tvm::RelayExpr const&)
        at /home/yj/tvm/src/relay/ir/expr_functor.cc:158
  51: tvm::relay::ExprFunctor<tvm::RelayExpr (tvm::RelayExpr const&)>::VisitExpr(tvm::RelayExpr const&)
        at /home/yj/tvm/include/tvm/relay/expr_functor.h:95
  50: tvm::NodeFunctor<tvm::RelayExpr (tvm::runtime::ObjectRef const&, tvm::relay::ExprFunctor<tvm::RelayExpr (tvm::RelayExpr const&)>*)>::operator()(tvm::runtime::ObjectRef const&, tvm::relay::ExprFunctor<tvm::RelayExpr (tvm::RelayExpr const&)>*) const
        at /home/yj/tvm/include/tvm/node/functor.h:97
  49: tvm::relay::ExprFunctor<tvm::RelayExpr (tvm::RelayExpr const&)>::InitVTable()::{lambda(tvm::runtime::ObjectRef const&, tvm::relay::ExprFunctor<tvm::RelayExpr (tvm::RelayExpr const&)>*)#7}::_FUN(tvm::runtime::ObjectRef const&, tvm::relay::ExprFunctor<tvm::RelayExpr (tvm::RelayExpr const&)>*)
        at /home/yj/tvm/include/tvm/relay/expr_functor.h:129
  48: tvm::relay::ExprFunctor<tvm::RelayExpr (tvm::RelayExpr const&)>::InitVTable()::{lambda(tvm::runtime::ObjectRef const&, tvm::relay::ExprFunctor<tvm::RelayExpr (tvm::RelayExpr const&)>*)#7}::operator()(tvm::runtime::ObjectRef const&, tvm::relay::ExprFunctor<tvm::RelayExpr (tvm::RelayExpr const&)>*) const
        at /home/yj/tvm/include/tvm/relay/expr_functor.h:129
  47: tvm::relay::transform::DeviceAwareExprMutator::VisitExpr_(tvm::relay::LetNode const*)
        at /home/yj/tvm/src/relay/transforms/device_aware_visitors.cc:250
  46: tvm::relay::tec::LowerTensorExprMutator::PreVisitLetBinding_(tvm::relay::Var const&, tvm::RelayExpr const&)
        at /home/yj/tvm/src/relay/backend/te_compiler.cc:666
  45: tvm::relay::ExprMutator::Mutate(tvm::RelayExpr const&)
        at /home/yj/tvm/include/tvm/relay/expr_functor.h:190
  44: tvm::relay::ExprMutator::VisitExpr(tvm::RelayExpr const&)
        at /home/yj/tvm/src/relay/ir/expr_functor.cc:158
  43: tvm::relay::ExprFunctor<tvm::RelayExpr (tvm::RelayExpr const&)>::VisitExpr(tvm::RelayExpr const&)
        at /home/yj/tvm/include/tvm/relay/expr_functor.h:95
  42: tvm::NodeFunctor<tvm::RelayExpr (tvm::runtime::ObjectRef const&, tvm::relay::ExprFunctor<tvm::RelayExpr (tvm::RelayExpr const&)>*)>::operator()(tvm::runtime::ObjectRef const&, tvm::relay::ExprFunctor<tvm::RelayExpr (tvm::RelayExpr const&)>*) const
        at /home/yj/tvm/include/tvm/node/functor.h:97
  41: tvm::relay::ExprFunctor<tvm::RelayExpr (tvm::RelayExpr const&)>::InitVTable()::{lambda(tvm::runtime::ObjectRef const&, tvm::relay::ExprFunctor<tvm::RelayExpr (tvm::RelayExpr const&)>*)#6}::_FUN(tvm::runtime::ObjectRef const&, tvm::relay::ExprFunctor<tvm::RelayExpr (tvm::RelayExpr const&)>*)
        at /home/yj/tvm/include/tvm/relay/expr_functor.h:128
  40: tvm::relay::ExprFunctor<tvm::RelayExpr (tvm::RelayExpr const&)>::InitVTable()::{lambda(tvm::runtime::ObjectRef const&, tvm::relay::ExprFunctor<tvm::RelayExpr (tvm::RelayExpr const&)>*)#6}::operator()(tvm::runtime::ObjectRef const&, tvm::relay::ExprFunctor<tvm::RelayExpr (tvm::RelayExpr const&)>*) const
        at /home/yj/tvm/include/tvm/relay/expr_functor.h:128
  39: tvm::relay::transform::DeviceAwareExprMutator::VisitExpr_(tvm::relay::CallNode const*)
        at /home/yj/tvm/src/relay/transforms/device_aware_visitors.cc:273
  38: tvm::relay::ExprMutator::VisitExpr(tvm::RelayExpr const&)
        at /home/yj/tvm/src/relay/ir/expr_functor.cc:158
  37: tvm::relay::ExprFunctor<tvm::RelayExpr (tvm::RelayExpr const&)>::VisitExpr(tvm::RelayExpr const&)
        at /home/yj/tvm/include/tvm/relay/expr_functor.h:95
  36: tvm::NodeFunctor<tvm::RelayExpr (tvm::runtime::ObjectRef const&, tvm::relay::ExprFunctor<tvm::RelayExpr (tvm::RelayExpr const&)>*)>::operator()(tvm::runtime::ObjectRef const&, tvm::relay::ExprFunctor<tvm::RelayExpr (tvm::RelayExpr const&)>*) const
        at /home/yj/tvm/include/tvm/node/functor.h:97
  35: tvm::relay::ExprFunctor<tvm::RelayExpr (tvm::RelayExpr const&)>::InitVTable()::{lambda(tvm::runtime::ObjectRef const&, tvm::relay::ExprFunctor<tvm::RelayExpr (tvm::RelayExpr const&)>*)#6}::_FUN(tvm::runtime::ObjectRef const&, tvm::relay::ExprFunctor<tvm::RelayExpr (tvm::RelayExpr const&)>*)
        at /home/yj/tvm/include/tvm/relay/expr_functor.h:128
  34: tvm::relay::ExprFunctor<tvm::RelayExpr (tvm::RelayExpr const&)>::InitVTable()::{lambda(tvm::runtime::ObjectRef const&, tvm::relay::ExprFunctor<tvm::RelayExpr (tvm::RelayExpr const&)>*)#6}::operator()(tvm::runtime::ObjectRef const&, tvm::relay::ExprFunctor<tvm::RelayExpr (tvm::RelayExpr const&)>*) const
        at /home/yj/tvm/include/tvm/relay/expr_functor.h:128
  33: tvm::relay::transform::DeviceAwareExprMutator::VisitExpr_(tvm::relay::CallNode const*)
        at /home/yj/tvm/src/relay/transforms/device_aware_visitors.cc:278
  32: tvm::relay::tec::LowerTensorExprMutator::DeviceAwareVisitExpr_(tvm::relay::CallNode const*)
        at /home/yj/tvm/src/relay/backend/te_compiler.cc:784
  31: tvm::relay::tec::LowerTensorExprMutator::MakeLoweredCall(tvm::relay::Function, tvm::runtime::Array<tvm::RelayExpr, void>, tvm::Span, tvm::Target)
        at /home/yj/tvm/src/relay/backend/te_compiler.cc:639
  30: tvm::relay::tec::TECompilerImpl::LowerShapeFunc(tvm::relay::tec::CCacheKey const&)
        at /home/yj/tvm/src/relay/backend/te_compiler.cc:100
  29: tvm::relay::tec::TECompilerImpl::LowerShapeFuncInternal(tvm::relay::tec::CCacheKey const&)
        at /home/yj/tvm/src/relay/backend/te_compiler.cc:402
  28: tvm::relay::tec::ShapeFuncFor(tvm::relay::Function const&, tvm::Target const&, std::function<std::__cxx11::basic_string<char, std::char_traits<char>, std::allocator<char> > (std::__cxx11::basic_string<char, std::char_traits<char>, std::allocator<char> >)>)
        at /home/yj/tvm/src/relay/backend/te_compiler_cache.cc:764
  27: tvm::relay::tec::MakeShapeFunc::Create(tvm::relay::Function const&, tvm::Target const&, std::function<std::__cxx11::basic_string<char, std::char_traits<char>, std::allocator<char> > (std::__cxx11::basic_string<char, std::char_traits<char>, std::allocator<char> >)>)
        at /home/yj/tvm/src/relay/backend/te_compiler_cache.cc:459
  26: tvm::relay::tec::MakeShapeFunc::VisitExpr(tvm::RelayExpr const&)
        at /home/yj/tvm/src/relay/backend/te_compiler_cache.cc:563
  25: tvm::relay::backend::MemoizedExprTranslator<tvm::runtime::Array<tvm::te::Tensor, void> >::VisitExpr(tvm::RelayExpr const&)
        at /home/yj/tvm/src/relay/backend/./../transforms/../backend/utils.h:309
  24: tvm::relay::ExprFunctor<tvm::runtime::Array<tvm::te::Tensor, void> (tvm::RelayExpr const&)>::VisitExpr(tvm::RelayExpr const&)
        at /home/yj/tvm/include/tvm/relay/expr_functor.h:95
  23: tvm::NodeFunctor<tvm::runtime::Array<tvm::te::Tensor, void> (tvm::runtime::ObjectRef const&, tvm::relay::ExprFunctor<tvm::runtime::Array<tvm::te::Tensor, void> (tvm::RelayExpr const&)>*)>::operator()(tvm::runtime::ObjectRef const&, tvm::relay::ExprFunctor<tvm::runtime::Array<tvm::te::Tensor, void> (tvm::RelayExpr const&)>*) const
        at /home/yj/tvm/include/tvm/node/functor.h:97
  22: tvm::relay::ExprFunctor<tvm::runtime::Array<tvm::te::Tensor, void> (tvm::RelayExpr const&)>::InitVTable()::{lambda(tvm::runtime::ObjectRef const&, tvm::relay::ExprFunctor<tvm::runtime::Array<tvm::te::Tensor, void> (tvm::RelayExpr const&)>*)#6}::_FUN(tvm::runtime::ObjectRef const&, tvm::relay::ExprFunctor<tvm::runtime::Array<tvm::te::Tensor, void> (tvm::RelayExpr const&)>*)
        at /home/yj/tvm/include/tvm/relay/expr_functor.h:128
  21: tvm::relay::ExprFunctor<tvm::runtime::Array<tvm::te::Tensor, void> (tvm::RelayExpr const&)>::InitVTable()::{lambda(tvm::runtime::ObjectRef const&, tvm::relay::ExprFunctor<tvm::runtime::Array<tvm::te::Tensor, void> (tvm::RelayExpr const&)>*)#6}::operator()(tvm::runtime::ObjectRef const&, tvm::relay::ExprFunctor<tvm::runtime::Array<tvm::te::Tensor, void> (tvm::RelayExpr const&)>*) const
        at /home/yj/tvm/include/tvm/relay/expr_functor.h:128
  20: tvm::relay::tec::MakeShapeFunc::VisitExpr_(tvm::relay::CallNode const*)
        at /home/yj/tvm/src/relay/backend/te_compiler_cache.cc:687
  19: tvm::relay::tec::MakeShapeFunc::VisitExpr(tvm::RelayExpr const&)
        at /home/yj/tvm/src/relay/backend/te_compiler_cache.cc:563
  18: tvm::relay::backend::MemoizedExprTranslator<tvm::runtime::Array<tvm::te::Tensor, void> >::VisitExpr(tvm::RelayExpr const&)
        at /home/yj/tvm/src/relay/backend/./../transforms/../backend/utils.h:309
  17: tvm::relay::ExprFunctor<tvm::runtime::Array<tvm::te::Tensor, void> (tvm::RelayExpr const&)>::VisitExpr(tvm::RelayExpr const&)
        at /home/yj/tvm/include/tvm/relay/expr_functor.h:95
  16: tvm::NodeFunctor<tvm::runtime::Array<tvm::te::Tensor, void> (tvm::runtime::ObjectRef const&, tvm::relay::ExprFunctor<tvm::runtime::Array<tvm::te::Tensor, void> (tvm::RelayExpr const&)>*)>::operator()(tvm::runtime::ObjectRef const&, tvm::relay::ExprFunctor<tvm::runtime::Array<tvm::te::Tensor, void> (tvm::RelayExpr const&)>*) const
        at /home/yj/tvm/include/tvm/node/functor.h:97
  15: tvm::relay::ExprFunctor<tvm::runtime::Array<tvm::te::Tensor, void> (tvm::RelayExpr const&)>::InitVTable()::{lambda(tvm::runtime::ObjectRef const&, tvm::relay::ExprFunctor<tvm::runtime::Array<tvm::te::Tensor, void> (tvm::RelayExpr const&)>*)#2}::_FUN(tvm::runtime::ObjectRef const&, tvm::relay::ExprFunctor<tvm::runtime::Array<tvm::te::Tensor, void> (tvm::RelayExpr const&)>*)
        at /home/yj/tvm/include/tvm/relay/expr_functor.h:124
  14: tvm::relay::ExprFunctor<tvm::runtime::Array<tvm::te::Tensor, void> (tvm::RelayExpr const&)>::InitVTable()::{lambda(tvm::runtime::ObjectRef const&, tvm::relay::ExprFunctor<tvm::runtime::Array<tvm::te::Tensor, void> (tvm::RelayExpr const&)>*)#2}::operator()(tvm::runtime::ObjectRef const&, tvm::relay::ExprFunctor<tvm::runtime::Array<tvm::te::Tensor, void> (tvm::RelayExpr const&)>*) const
        at /home/yj/tvm/include/tvm/relay/expr_functor.h:124
  13: tvm::relay::tec::MakeShapeFunc::VisitExpr_(tvm::relay::TupleNode const*)
        at /home/yj/tvm/src/relay/backend/te_compiler_cache.cc:729
  12: tvm::relay::tec::MakeShapeFunc::VisitExpr(tvm::RelayExpr const&)
        at /home/yj/tvm/src/relay/backend/te_compiler_cache.cc:563
  11: tvm::relay::backend::MemoizedExprTranslator<tvm::runtime::Array<tvm::te::Tensor, void> >::VisitExpr(tvm::RelayExpr const&)
        at /home/yj/tvm/src/relay/backend/./../transforms/../backend/utils.h:309
  10: tvm::relay::ExprFunctor<tvm::runtime::Array<tvm::te::Tensor, void> (tvm::RelayExpr const&)>::VisitExpr(tvm::RelayExpr const&)
        at /home/yj/tvm/include/tvm/relay/expr_functor.h:95
  9: tvm::NodeFunctor<tvm::runtime::Array<tvm::te::Tensor, void> (tvm::runtime::ObjectRef const&, tvm::relay::ExprFunctor<tvm::runtime::Array<tvm::te::Tensor, void> (tvm::RelayExpr const&)>*)>::operator()(tvm::runtime::ObjectRef const&, tvm::relay::ExprFunctor<tvm::runtime::Array<tvm::te::Tensor, void> (tvm::RelayExpr const&)>*) const
        at /home/yj/tvm/include/tvm/node/functor.h:97
  8: tvm::relay::ExprFunctor<tvm::runtime::Array<tvm::te::Tensor, void> (tvm::RelayExpr const&)>::InitVTable()::{lambda(tvm::runtime::ObjectRef const&, tvm::relay::ExprFunctor<tvm::runtime::Array<tvm::te::Tensor, void> (tvm::RelayExpr const&)>*)#6}::_FUN(tvm::runtime::ObjectRef const&, tvm::relay::ExprFunctor<tvm::runtime::Array<tvm::te::Tensor, void> (tvm::RelayExpr const&)>*)
        at /home/yj/tvm/include/tvm/relay/expr_functor.h:128
  7: tvm::relay::ExprFunctor<tvm::runtime::Array<tvm::te::Tensor, void> (tvm::RelayExpr const&)>::InitVTable()::{lambda(tvm::runtime::ObjectRef const&, tvm::relay::ExprFunctor<tvm::runtime::Array<tvm::te::Tensor, void> (tvm::RelayExpr const&)>*)#6}::operator()(tvm::runtime::ObjectRef const&, tvm::relay::ExprFunctor<tvm::runtime::Array<tvm::te::Tensor, void> (tvm::RelayExpr const&)>*) const
        at /home/yj/tvm/include/tvm/relay/expr_functor.h:128
  6: tvm::relay::tec::MakeShapeFunc::VisitExpr_(tvm::relay::CallNode const*)
        at /home/yj/tvm/src/relay/backend/te_compiler_cache.cc:703
  5: tvm::runtime::TypedPackedFunc<tvm::runtime::Array<tvm::te::Tensor, void> (tvm::Attrs const&, tvm::runtime::Array<tvm::te::Tensor, void> const&, tvm::runtime::Array<tvm::PrimExpr, void> const&)>::operator()(tvm::Attrs const&, tvm::runtime::Array<tvm::te::Tensor, void> const&, tvm::runtime::Array<tvm::PrimExpr, void> const&) const
        at /home/yj/tvm/include/tvm/runtime/packed_func.h:1750
  4: tvm::runtime::Array<tvm::te::Tensor, void> tvm::runtime::detail::typed_packed_call_dispatcher<tvm::runtime::Array<tvm::te::Tensor, void> >::run<tvm::Attrs const&, tvm::runtime::Array<tvm::te::Tensor, void> const&, tvm::runtime::Array<tvm::PrimExpr, void> const&>(tvm::runtime::PackedFunc const&, tvm::Attrs const&, tvm::runtime::Array<tvm::te::Tensor, void> const&, tvm::runtime::Array<tvm::PrimExpr, void> const&)
        at /home/yj/tvm/include/tvm/runtime/packed_func.h:1694
  3: tvm::runtime::TVMRetValue tvm::runtime::PackedFunc::operator()<tvm::Attrs const&, tvm::runtime::Array<tvm::te::Tensor, void> const&, tvm::runtime::Array<tvm::PrimExpr, void> const&>(tvm::Attrs const&, tvm::runtime::Array<tvm::te::Tensor, void> const&, tvm::runtime::Array<tvm::PrimExpr, void> const&) const
        at /home/yj/tvm/include/tvm/runtime/packed_func.h:1618
  2: tvm::runtime::PackedFuncObj::CallPacked(tvm::runtime::TVMArgs, tvm::runtime::TVMRetValue*) const
        at /home/yj/tvm/include/tvm/runtime/packed_func.h:1217
  1: Call
        at /home/yj/tvm/include/tvm/runtime/packed_func.h:1213
  0: operator()
        at /home/yj/tvm/src/runtime/c_runtime_api.cc:534
  File "/home/yj/tvm/python/tvm/testing/test_meta_schedule.py", line 79, in <module>
    rt_mod2 = relay.build(mod, target=target, params=params)
  File "/home/yj/tvm/python/tvm/relay/build_module.py", line 478, in build
    graph_json, runtime_mod, params = bld_mod.build(
  File "/home/yj/tvm/python/tvm/relay/build_module.py", line 202, in build
    self._build(mod, target, target_host, executor, runtime, workspace_memory_pools, mod_name)
  File "/home/yj/tvm/python/tvm/_ffi/_ctypes/packed_func.py", line 237, in __call__
    raise get_last_ffi_error()
  49: TVMFuncCall
  48: tvm::runtime::PackedFuncObj::CallPacked(tvm::runtime::TVMArgs, tvm::runtime::TVMRetValue*) const
        at /home/yj/tvm/src/runtime/c_runtime_api.cc:477
  47: tvm::runtime::PackedFuncObj::Extractor<tvm::runtime::PackedFuncSubObj<tvm::relay::backend::RelayBuildModule::GetFunction(std::__cxx11::basic_string<char, std::char_traits<char>, std::allocator<char> > const&, tvm::runtime::ObjectPtr<tvm::runtime::Object> const&)::{lambda(tvm::runtime::TVMArgs, tvm::runtime::TVMRetValue*)#3}> >::Call(tvm::runtime::PackedFuncObj const*, tvm::runtime::TVMArgs, tvm::runtime::TVMRetValue*)
        at /home/yj/tvm/include/tvm/runtime/packed_func.h:1217
  46: tvm::relay::backend::RelayBuildModule::GetFunction(std::__cxx11::basic_string<char, std::char_traits<char>, std::allocator<char> > const&, tvm::runtime::ObjectPtr<tvm::runtime::Object> const&)::{lambda(tvm::runtime::TVMArgs, tvm::runtime::TVMRetValue*)#3}::operator()(tvm::runtime::TVMArgs, tvm::runtime::TVMRetValue*) const
        at /home/yj/tvm/include/tvm/runtime/packed_func.h:1213
  45: tvm::relay::backend::RelayBuildModule::Build(tvm::IRModule, tvm::runtime::Map<tvm::Integer, tvm::Target, void, void> const&, tvm::Target const&, tvm::relay::Executor const&, tvm::relay::Runtime const&, tvm::WorkspaceMemoryPools const&, tvm::runtime::String)
        at /home/yj/tvm/src/relay/backend/build_module.cc:194
  44: tvm::relay::backend::RelayBuildModule::BuildRelay(tvm::IRModule, tvm::runtime::String const&)
        at /home/yj/tvm/src/relay/backend/build_module.cc:313
  43: tvm::relay::backend::ExecutorCodegen::Codegen(tvm::IRModule, tvm::relay::Function const&, tvm::runtime::String)
        at /home/yj/tvm/src/relay/backend/build_module.cc:422
  42: void tvm::relay::backend::ExecutorCodegen::CallFunc<tvm::IRModule, tvm::relay::Function, tvm::runtime::String>(std::__cxx11::basic_string<char, std::char_traits<char>, std::allocator<char> > const&, tvm::IRModule, tvm::relay::Function, tvm::runtime::String)
        at /home/yj/tvm/src/relay/backend/build_module.cc:67
  41: tvm::runtime::TVMRetValue tvm::runtime::PackedFunc::operator()<tvm::IRModule, tvm::relay::Function, tvm::runtime::String>(tvm::IRModule&&, tvm::relay::Function&&, tvm::runtime::String&&) const
        at /home/yj/tvm/src/relay/backend/build_module.cc:123
  40: tvm::runtime::PackedFuncObj::CallPacked(tvm::runtime::TVMArgs, tvm::runtime::TVMRetValue*) const
        at /home/yj/tvm/include/tvm/runtime/packed_func.h:1618
  39: tvm::runtime::PackedFuncObj::Extractor<tvm::runtime::PackedFuncSubObj<tvm::relay::backend::GraphExecutorCodegenModule::GetFunction(std::__cxx11::basic_string<char, std::char_traits<char>, std::allocator<char> > const&, tvm::runtime::ObjectPtr<tvm::runtime::Object> const&)::{lambda(tvm::runtime::TVMArgs, tvm::runtime::TVMRetValue*)#2}> >::Call(tvm::runtime::PackedFuncObj const*, tvm::runtime::TVMArgs, tvm::runtime::TVMRetValue*)
        at /home/yj/tvm/include/tvm/runtime/packed_func.h:1217
  38: tvm::relay::backend::GraphExecutorCodegenModule::GetFunction(std::__cxx11::basic_string<char, std::char_traits<char>, std::allocator<char> > const&, tvm::runtime::ObjectPtr<tvm::runtime::Object> const&)::{lambda(tvm::runtime::TVMArgs, tvm::runtime::TVMRetValue*)#2}::operator()(tvm::runtime::TVMArgs, tvm::runtime::TVMRetValue*) const
        at /home/yj/tvm/include/tvm/runtime/packed_func.h:1213
  37: tvm::relay::backend::GraphExecutorCodegen::Codegen(tvm::IRModule, tvm::relay::Function, tvm::runtime::String)
        at /home/yj/tvm/src/relay/backend/graph_executor_codegen.cc:651
  36: tvm::relay::GraphPlanMemory(tvm::relay::Function const&)
        at /home/yj/tvm/src/relay/backend/graph_executor_codegen.cc:212
  35: tvm::relay::StorageAllocator::Plan(tvm::relay::Function const&)
        at /home/yj/tvm/src/relay/backend/graph_plan_memory.cc:484
  34: tvm::relay::StorageAllocaBaseVisitor::Run(tvm::relay::Function const&)
        at /home/yj/tvm/src/relay/backend/graph_plan_memory.cc:251
  33: tvm::relay::ExprVisitor::VisitExpr(tvm::RelayExpr const&)
        at /home/yj/tvm/src/relay/backend/graph_plan_memory.cc:80
  32: tvm::relay::ExprFunctor<void (tvm::RelayExpr const&)>::VisitExpr(tvm::RelayExpr const&)
        at /home/yj/tvm/src/relay/ir/expr_functor.cc:295
  31: tvm::NodeFunctor<void (tvm::runtime::ObjectRef const&, tvm::relay::ExprFunctor<void (tvm::RelayExpr const&)>*)>::operator()(tvm::runtime::ObjectRef const&, tvm::relay::ExprFunctor<void (tvm::RelayExpr const&)>*) const
        at /home/yj/tvm/include/tvm/relay/expr_functor.h:95
  30: tvm::relay::ExprFunctor<void (tvm::RelayExpr const&)>::InitVTable()::{lambda(tvm::runtime::ObjectRef const&, tvm::relay::ExprFunctor<void (tvm::RelayExpr const&)>*)#5}::_FUN(tvm::runtime::ObjectRef const&, tvm::relay::ExprFunctor<void (tvm::RelayExpr const&)>*)
        at /home/yj/tvm/include/tvm/node/functor.h:97
  29: tvm::relay::ExprFunctor<void (tvm::RelayExpr const&)>::InitVTable()::{lambda(tvm::runtime::ObjectRef const&, tvm::relay::ExprFunctor<void (tvm::RelayExpr const&)>*)#5}::operator()(tvm::runtime::ObjectRef const&, tvm::relay::ExprFunctor<void (tvm::RelayExpr const&)>*) const
        at /home/yj/tvm/include/tvm/relay/expr_functor.h:127
  28: tvm::relay::transform::DeviceAwareExprVisitor::VisitExpr_(tvm::relay::FunctionNode const*)
        at /home/yj/tvm/include/tvm/relay/expr_functor.h:127
  27: tvm::relay::StorageAllocaBaseVisitor::DeviceAwareVisitExpr_(tvm::relay::FunctionNode const*)
        at /home/yj/tvm/src/relay/transforms/device_aware_visitors.cc:142
  26: tvm::relay::StorageAllocaBaseVisitor::GetToken(tvm::RelayExpr const&)
        at /home/yj/tvm/src/relay/backend/graph_plan_memory.cc:103
  25: tvm::relay::ExprVisitor::VisitExpr(tvm::RelayExpr const&)
        at /home/yj/tvm/src/relay/backend/graph_plan_memory.cc:153
  24: tvm::relay::ExprFunctor<void (tvm::RelayExpr const&)>::VisitExpr(tvm::RelayExpr const&)
        at /home/yj/tvm/src/relay/ir/expr_functor.cc:295
  23: tvm::NodeFunctor<void (tvm::runtime::ObjectRef const&, tvm::relay::ExprFunctor<void (tvm::RelayExpr const&)>*)>::operator()(tvm::runtime::ObjectRef const&, tvm::relay::ExprFunctor<void (tvm::RelayExpr const&)>*) const
        at /home/yj/tvm/include/tvm/relay/expr_functor.h:95
  22: tvm::relay::ExprFunctor<void (tvm::RelayExpr const&)>::InitVTable()::{lambda(tvm::runtime::ObjectRef const&, tvm::relay::ExprFunctor<void (tvm::RelayExpr const&)>*)#2}::_FUN(tvm::runtime::ObjectRef const&, tvm::relay::ExprFunctor<void (tvm::RelayExpr const&)>*)
        at /home/yj/tvm/include/tvm/node/functor.h:97
  21: tvm::relay::ExprFunctor<void (tvm::RelayExpr const&)>::InitVTable()::{lambda(tvm::runtime::ObjectRef const&, tvm::relay::ExprFunctor<void (tvm::RelayExpr const&)>*)#2}::operator()(tvm::runtime::ObjectRef const&, tvm::relay::ExprFunctor<void (tvm::RelayExpr const&)>*) const
        at /home/yj/tvm/include/tvm/relay/expr_functor.h:124
  20: tvm::relay::StorageAllocaBaseVisitor::VisitExpr_(tvm::relay::TupleNode const*)
        at /home/yj/tvm/include/tvm/relay/expr_functor.h:124
  19: tvm::relay::StorageAllocaBaseVisitor::GetToken(tvm::RelayExpr const&)
        at /home/yj/tvm/src/relay/backend/graph_plan_memory.cc:119
  18: tvm::relay::ExprVisitor::VisitExpr(tvm::RelayExpr const&)
        at /home/yj/tvm/src/relay/backend/graph_plan_memory.cc:153
  17: tvm::relay::ExprFunctor<void (tvm::RelayExpr const&)>::VisitExpr(tvm::RelayExpr const&)
        at /home/yj/tvm/src/relay/ir/expr_functor.cc:295
  16: tvm::NodeFunctor<void (tvm::runtime::ObjectRef const&, tvm::relay::ExprFunctor<void (tvm::RelayExpr const&)>*)>::operator()(tvm::runtime::ObjectRef const&, tvm::relay::ExprFunctor<void (tvm::RelayExpr const&)>*) const
        at /home/yj/tvm/include/tvm/relay/expr_functor.h:95
  15: tvm::relay::ExprFunctor<void (tvm::RelayExpr const&)>::InitVTable()::{lambda(tvm::runtime::ObjectRef const&, tvm::relay::ExprFunctor<void (tvm::RelayExpr const&)>*)#6}::_FUN(tvm::runtime::ObjectRef const&, tvm::relay::ExprFunctor<void (tvm::RelayExpr const&)>*)
        at /home/yj/tvm/include/tvm/node/functor.h:97
  14: tvm::relay::ExprFunctor<void (tvm::RelayExpr const&)>::InitVTable()::{lambda(tvm::runtime::ObjectRef const&, tvm::relay::ExprFunctor<void (tvm::RelayExpr const&)>*)#6}::operator()(tvm::runtime::ObjectRef const&, tvm::relay::ExprFunctor<void (tvm::RelayExpr const&)>*) const
        at /home/yj/tvm/include/tvm/relay/expr_functor.h:128
  13: tvm::relay::transform::DeviceAwareExprVisitor::VisitExpr_(tvm::relay::CallNode const*)
        at /home/yj/tvm/include/tvm/relay/expr_functor.h:128
  12: tvm::relay::StorageAllocator::DeviceAwareVisitExpr_(tvm::relay::CallNode const*)
        at /home/yj/tvm/src/relay/transforms/device_aware_visitors.cc:186
  11: tvm::relay::StorageAllocaBaseVisitor::GetToken(tvm::RelayExpr const&)
        at /home/yj/tvm/src/relay/backend/graph_plan_memory.cc:343
  10: tvm::relay::ExprVisitor::VisitExpr(tvm::RelayExpr const&)
        at /home/yj/tvm/src/relay/backend/graph_plan_memory.cc:153
  9: tvm::relay::ExprFunctor<void (tvm::RelayExpr const&)>::VisitExpr(tvm::RelayExpr const&)
        at /home/yj/tvm/src/relay/ir/expr_functor.cc:295
  8: tvm::NodeFunctor<void (tvm::runtime::ObjectRef const&, tvm::relay::ExprFunctor<void (tvm::RelayExpr const&)>*)>::operator()(tvm::runtime::ObjectRef const&, tvm::relay::ExprFunctor<void (tvm::RelayExpr const&)>*) const
        at /home/yj/tvm/include/tvm/relay/expr_functor.h:95
  7: tvm::relay::ExprFunctor<void (tvm::RelayExpr const&)>::InitVTable()::{lambda(tvm::runtime::ObjectRef const&, tvm::relay::ExprFunctor<void (tvm::RelayExpr const&)>*)#6}::_FUN(tvm::runtime::ObjectRef const&, tvm::relay::ExprFunctor<void (tvm::RelayExpr const&)>*)
        at /home/yj/tvm/include/tvm/node/functor.h:97
  6: tvm::relay::ExprFunctor<void (tvm::RelayExpr const&)>::InitVTable()::{lambda(tvm::runtime::ObjectRef const&, tvm::relay::ExprFunctor<void (tvm::RelayExpr const&)>*)#6}::operator()(tvm::runtime::ObjectRef const&, tvm::relay::ExprFunctor<void (tvm::RelayExpr const&)>*) const
        at /home/yj/tvm/include/tvm/relay/expr_functor.h:128
  5: tvm::relay::transform::DeviceAwareExprVisitor::VisitExpr_(tvm::relay::CallNode const*)
        at /home/yj/tvm/include/tvm/relay/expr_functor.h:128
  4: tvm::relay::StorageAllocator::DeviceAwareVisitExpr_(tvm::relay::CallNode const*)
        at /home/yj/tvm/src/relay/transforms/device_aware_visitors.cc:186
  3: tvm::relay::StorageAllocaBaseVisitor::CreateToken(tvm::RelayExprNode const*, bool)
        at /home/yj/tvm/src/relay/backend/graph_plan_memory.cc:363
  2: tvm::relay::StorageAllocator::CreateTokenOnDevice(tvm::RelayExprNode const*, tvm::VirtualDevice const&, bool)
        at /home/yj/tvm/src/relay/backend/graph_plan_memory.cc:172
  1: tvm::relay::StorageAllocator::Request(tvm::relay::StorageToken*)
        at /home/yj/tvm/src/relay/backend/graph_plan_memory.cc:304
  0: tvm::relay::StorageAllocator::GetMemorySize(tvm::relay::StorageToken*)
        at /home/yj/tvm/src/relay/backend/graph_plan_memory.cc:412
  File "/home/yj/tvm/src/relay/backend/graph_plan_memory.cc", line 398
        at /home/yj/tvm/src/relay/backend/graph_plan_memory.cc:398
  File "/home/yj/tvm/python/tvm/_ffi/_ctypes/packed_func.py", line 81, in cfun
    rv = local_pyfunc(*pyargs)
  File "/home/yj/tvm/python/tvm/relay/op/_transform.py", line 809, in expand_dim_shape_func
    return [_expand_dim_shape_func(inputs[0], convert(ndim), convert(axis), convert(num_newaxis))]
  File "/home/yj/anaconda3/lib/python3.9/site-packages/decorator.py", line 232, in fun
    return caller(func, *(extras + args), **kw)
  File "/home/yj/tvm/python/tvm/te/hybrid/__init__.py", line 60, in wrapped_func
    return source_to_op(src, args, func.__globals__, closure_vars)
  File "/home/yj/tvm/python/tvm/te/hybrid/parser.py", line 640, in source_to_op
    parser = parse_python(src, args, symbols, closure_vars)
  File "/home/yj/tvm/python/tvm/te/hybrid/parser.py", line 610, in parse_python
    parser.parsed_body = parser.visit(root)
  File "/home/yj/anaconda3/lib/python3.9/ast.py", line 407, in visit
    return visitor(node)
  File "/home/yj/tvm/python/tvm/te/hybrid/parser.py", line 229, in visit_Module
    return self.visit(node.body[0])
  File "/home/yj/anaconda3/lib/python3.9/ast.py", line 407, in visit
    return visitor(node)
  File "/home/yj/tvm/python/tvm/te/hybrid/parser.py", line 242, in visit_FunctionDef
    res = visit_list_to_block(self.visit, node.body)
  File "/home/yj/tvm/python/tvm/te/hybrid/parser.py", line 58, in visit_list_to_block
    lst = [visit(stmt) for stmt in lst if not utils.is_docstring(stmt)]
  File "/home/yj/tvm/python/tvm/te/hybrid/parser.py", line 58, in <listcomp>
    lst = [visit(stmt) for stmt in lst if not utils.is_docstring(stmt)]
  File "/home/yj/anaconda3/lib/python3.9/ast.py", line 407, in visit
    return visitor(node)
  File "/home/yj/tvm/python/tvm/te/hybrid/parser.py", line 482, in visit_For
    iter_var, low, ext, kind = self.visit(node.iter)
  File "/home/yj/anaconda3/lib/python3.9/ast.py", line 407, in visit
    return visitor(node)
  File "/home/yj/tvm/python/tvm/te/hybrid/parser.py", line 466, in visit_Call
    args = [self.visit(i) for i in node.args]
  File "/home/yj/tvm/python/tvm/te/hybrid/parser.py", line 466, in <listcomp>
    args = [self.visit(i) for i in node.args]
  File "/home/yj/anaconda3/lib/python3.9/ast.py", line 407, in visit
    return visitor(node)
  File "/home/yj/tvm/python/tvm/te/hybrid/parser.py", line 379, in visit_Subscript
    for i in args:
TVMError: 
---------------------------------------------------------------
An error occurred during the execution of TVM.
For more information, please see: https://tvm.apache.org/docs/errors.html
---------------------------------------------------------------
  Check failed: (pval != nullptr) is false: Cannot allocate memory symbolic tensor shape [?]

During handling of the above exception, another exception occurred:

TypeError: 'IntImm' object is not iterable
