nohup: ignoring input
Starting to build with relay.
One or more operators have not been tuned. Please tune your model for better performance. Use DEBUG logging level to see more details.
Traceback (most recent call last):
  File "/home/yj/tvm/python/tvm/testing/test_meta_schedule.py", line 79, in <module>
    rt_mod2 = relay.build(mod, target=target, params=params)
  File "/home/yj/tvm/python/tvm/relay/build_module.py", line 478, in build
    graph_json, runtime_mod, params = bld_mod.build(
  File "/home/yj/tvm/python/tvm/relay/build_module.py", line 202, in build
    self._build(mod, target, target_host, executor, runtime, workspace_memory_pools, mod_name)
  File "/home/yj/tvm/python/tvm/_ffi/_ctypes/packed_func.py", line 237, in __call__
    raise get_last_ffi_error()
tvm._ffi.base.TVMError: Traceback (most recent call last):
  49: TVMFuncCall
        at /home/yj/tvm/src/runtime/c_runtime_api.cc:477
  48: tvm::runtime::PackedFuncObj::CallPacked(tvm::runtime::TVMArgs, tvm::runtime::TVMRetValue*) const
        at /home/yj/tvm/include/tvm/runtime/packed_func.h:1217
  47: tvm::runtime::PackedFuncObj::Extractor<tvm::runtime::PackedFuncSubObj<tvm::relay::backend::RelayBuildModule::GetFunction(std::__cxx11::basic_string<char, std::char_traits<char>, std::allocator<char> > const&, tvm::runtime::ObjectPtr<tvm::runtime::Object> const&)::{lambda(tvm::runtime::TVMArgs, tvm::runtime::TVMRetValue*)#3}> >::Call(tvm::runtime::PackedFuncObj const*, tvm::runtime::TVMArgs, tvm::runtime::TVMRetValue*)
        at /home/yj/tvm/include/tvm/runtime/packed_func.h:1213
  46: tvm::relay::backend::RelayBuildModule::GetFunction(std::__cxx11::basic_string<char, std::char_traits<char>, std::allocator<char> > const&, tvm::runtime::ObjectPtr<tvm::runtime::Object> const&)::{lambda(tvm::runtime::TVMArgs, tvm::runtime::TVMRetValue*)#3}::operator()(tvm::runtime::TVMArgs, tvm::runtime::TVMRetValue*) const
        at /home/yj/tvm/src/relay/backend/build_module.cc:194
  45: tvm::relay::backend::RelayBuildModule::Build(tvm::IRModule, tvm::runtime::Map<tvm::Integer, tvm::Target, void, void> const&, tvm::Target const&, tvm::relay::Executor const&, tvm::relay::Runtime const&, tvm::WorkspaceMemoryPools const&, tvm::runtime::String)
        at /home/yj/tvm/src/relay/backend/build_module.cc:313
  44: tvm::relay::backend::RelayBuildModule::BuildRelay(tvm::IRModule, tvm::runtime::String const&)
        at /home/yj/tvm/src/relay/backend/build_module.cc:422
  43: tvm::relay::backend::ExecutorCodegen::Codegen(tvm::IRModule, tvm::relay::Function const&, tvm::runtime::String)
        at /home/yj/tvm/src/relay/backend/build_module.cc:67
  42: void tvm::relay::backend::ExecutorCodegen::CallFunc<tvm::IRModule, tvm::relay::Function, tvm::runtime::String>(std::__cxx11::basic_string<char, std::char_traits<char>, std::allocator<char> > const&, tvm::IRModule, tvm::relay::Function, tvm::runtime::String)
        at /home/yj/tvm/src/relay/backend/build_module.cc:123
  41: tvm::runtime::TVMRetValue tvm::runtime::PackedFunc::operator()<tvm::IRModule, tvm::relay::Function, tvm::runtime::String>(tvm::IRModule&&, tvm::relay::Function&&, tvm::runtime::String&&) const
        at /home/yj/tvm/include/tvm/runtime/packed_func.h:1618
  40: tvm::runtime::PackedFuncObj::CallPacked(tvm::runtime::TVMArgs, tvm::runtime::TVMRetValue*) const
        at /home/yj/tvm/include/tvm/runtime/packed_func.h:1217
  39: tvm::runtime::PackedFuncObj::Extractor<tvm::runtime::PackedFuncSubObj<tvm::relay::backend::GraphExecutorCodegenModule::GetFunction(std::__cxx11::basic_string<char, std::char_traits<char>, std::allocator<char> > const&, tvm::runtime::ObjectPtr<tvm::runtime::Object> const&)::{lambda(tvm::runtime::TVMArgs, tvm::runtime::TVMRetValue*)#2}> >::Call(tvm::runtime::PackedFuncObj const*, tvm::runtime::TVMArgs, tvm::runtime::TVMRetValue*)
        at /home/yj/tvm/include/tvm/runtime/packed_func.h:1213
  38: tvm::relay::backend::GraphExecutorCodegenModule::GetFunction(std::__cxx11::basic_string<char, std::char_traits<char>, std::allocator<char> > const&, tvm::runtime::ObjectPtr<tvm::runtime::Object> const&)::{lambda(tvm::runtime::TVMArgs, tvm::runtime::TVMRetValue*)#2}::operator()(tvm::runtime::TVMArgs, tvm::runtime::TVMRetValue*) const
        at /home/yj/tvm/src/relay/backend/graph_executor_codegen.cc:651
  37: tvm::relay::backend::GraphExecutorCodegen::Codegen(tvm::IRModule, tvm::relay::Function, tvm::runtime::String)
        at /home/yj/tvm/src/relay/backend/graph_executor_codegen.cc:212
  36: tvm::relay::GraphPlanMemory(tvm::relay::Function const&)
        at /home/yj/tvm/src/relay/backend/graph_plan_memory.cc:484
  35: tvm::relay::StorageAllocator::Plan(tvm::relay::Function const&)
        at /home/yj/tvm/src/relay/backend/graph_plan_memory.cc:251
  34: tvm::relay::StorageAllocaBaseVisitor::Run(tvm::relay::Function const&)
        at /home/yj/tvm/src/relay/backend/graph_plan_memory.cc:80
  33: tvm::relay::ExprVisitor::VisitExpr(tvm::RelayExpr const&)
        at /home/yj/tvm/src/relay/ir/expr_functor.cc:295
  32: tvm::relay::ExprFunctor<void (tvm::RelayExpr const&)>::VisitExpr(tvm::RelayExpr const&)
        at /home/yj/tvm/include/tvm/relay/expr_functor.h:95
  31: tvm::NodeFunctor<void (tvm::runtime::ObjectRef const&, tvm::relay::ExprFunctor<void (tvm::RelayExpr const&)>*)>::operator()(tvm::runtime::ObjectRef const&, tvm::relay::ExprFunctor<void (tvm::RelayExpr const&)>*) const
        at /home/yj/tvm/include/tvm/node/functor.h:97
  30: tvm::relay::ExprFunctor<void (tvm::RelayExpr const&)>::InitVTable()::{lambda(tvm::runtime::ObjectRef const&, tvm::relay::ExprFunctor<void (tvm::RelayExpr const&)>*)#5}::_FUN(tvm::runtime::ObjectRef const&, tvm::relay::ExprFunctor<void (tvm::RelayExpr const&)>*)
        at /home/yj/tvm/include/tvm/relay/expr_functor.h:127
  29: tvm::relay::ExprFunctor<void (tvm::RelayExpr const&)>::InitVTable()::{lambda(tvm::runtime::ObjectRef const&, tvm::relay::ExprFunctor<void (tvm::RelayExpr const&)>*)#5}::operator()(tvm::runtime::ObjectRef const&, tvm::relay::ExprFunctor<void (tvm::RelayExpr const&)>*) const
        at /home/yj/tvm/include/tvm/relay/expr_functor.h:127
  28: tvm::relay::transform::DeviceAwareExprVisitor::VisitExpr_(tvm::relay::FunctionNode const*)
        at /home/yj/tvm/src/relay/transforms/device_aware_visitors.cc:142
  27: tvm::relay::StorageAllocaBaseVisitor::DeviceAwareVisitExpr_(tvm::relay::FunctionNode const*)
        at /home/yj/tvm/src/relay/backend/graph_plan_memory.cc:103
  26: tvm::relay::StorageAllocaBaseVisitor::GetToken(tvm::RelayExpr const&)
        at /home/yj/tvm/src/relay/backend/graph_plan_memory.cc:153
  25: tvm::relay::ExprVisitor::VisitExpr(tvm::RelayExpr const&)
        at /home/yj/tvm/src/relay/ir/expr_functor.cc:295
  24: tvm::relay::ExprFunctor<void (tvm::RelayExpr const&)>::VisitExpr(tvm::RelayExpr const&)
        at /home/yj/tvm/include/tvm/relay/expr_functor.h:95
  23: tvm::NodeFunctor<void (tvm::runtime::ObjectRef const&, tvm::relay::ExprFunctor<void (tvm::RelayExpr const&)>*)>::operator()(tvm::runtime::ObjectRef const&, tvm::relay::ExprFunctor<void (tvm::RelayExpr const&)>*) const
        at /home/yj/tvm/include/tvm/node/functor.h:97
  22: tvm::relay::ExprFunctor<void (tvm::RelayExpr const&)>::InitVTable()::{lambda(tvm::runtime::ObjectRef const&, tvm::relay::ExprFunctor<void (tvm::RelayExpr const&)>*)#2}::_FUN(tvm::runtime::ObjectRef const&, tvm::relay::ExprFunctor<void (tvm::RelayExpr const&)>*)
        at /home/yj/tvm/include/tvm/relay/expr_functor.h:124
  21: tvm::relay::ExprFunctor<void (tvm::RelayExpr const&)>::InitVTable()::{lambda(tvm::runtime::ObjectRef const&, tvm::relay::ExprFunctor<void (tvm::RelayExpr const&)>*)#2}::operator()(tvm::runtime::ObjectRef const&, tvm::relay::ExprFunctor<void (tvm::RelayExpr const&)>*) const
        at /home/yj/tvm/include/tvm/relay/expr_functor.h:124
  20: tvm::relay::StorageAllocaBaseVisitor::VisitExpr_(tvm::relay::TupleNode const*)
        at /home/yj/tvm/src/relay/backend/graph_plan_memory.cc:119
  19: tvm::relay::StorageAllocaBaseVisitor::GetToken(tvm::RelayExpr const&)
        at /home/yj/tvm/src/relay/backend/graph_plan_memory.cc:153
  18: tvm::relay::ExprVisitor::VisitExpr(tvm::RelayExpr const&)
        at /home/yj/tvm/src/relay/ir/expr_functor.cc:295
  17: tvm::relay::ExprFunctor<void (tvm::RelayExpr const&)>::VisitExpr(tvm::RelayExpr const&)
        at /home/yj/tvm/include/tvm/relay/expr_functor.h:95
  16: tvm::NodeFunctor<void (tvm::runtime::ObjectRef const&, tvm::relay::ExprFunctor<void (tvm::RelayExpr const&)>*)>::operator()(tvm::runtime::ObjectRef const&, tvm::relay::ExprFunctor<void (tvm::RelayExpr const&)>*) const
        at /home/yj/tvm/include/tvm/node/functor.h:97
  15: tvm::relay::ExprFunctor<void (tvm::RelayExpr const&)>::InitVTable()::{lambda(tvm::runtime::ObjectRef const&, tvm::relay::ExprFunctor<void (tvm::RelayExpr const&)>*)#6}::_FUN(tvm::runtime::ObjectRef const&, tvm::relay::ExprFunctor<void (tvm::RelayExpr const&)>*)
        at /home/yj/tvm/include/tvm/relay/expr_functor.h:128
  14: tvm::relay::ExprFunctor<void (tvm::RelayExpr const&)>::InitVTable()::{lambda(tvm::runtime::ObjectRef const&, tvm::relay::ExprFunctor<void (tvm::RelayExpr const&)>*)#6}::operator()(tvm::runtime::ObjectRef const&, tvm::relay::ExprFunctor<void (tvm::RelayExpr const&)>*) const
        at /home/yj/tvm/include/tvm/relay/expr_functor.h:128
  13: tvm::relay::transform::DeviceAwareExprVisitor::VisitExpr_(tvm::relay::CallNode const*)
        at /home/yj/tvm/src/relay/transforms/device_aware_visitors.cc:186
  12: tvm::relay::StorageAllocator::DeviceAwareVisitExpr_(tvm::relay::CallNode const*)
        at /home/yj/tvm/src/relay/backend/graph_plan_memory.cc:343
  11: tvm::relay::StorageAllocaBaseVisitor::GetToken(tvm::RelayExpr const&)
        at /home/yj/tvm/src/relay/backend/graph_plan_memory.cc:153
  10: tvm::relay::ExprVisitor::VisitExpr(tvm::RelayExpr const&)
        at /home/yj/tvm/src/relay/ir/expr_functor.cc:295
  9: tvm::relay::ExprFunctor<void (tvm::RelayExpr const&)>::VisitExpr(tvm::RelayExpr const&)
        at /home/yj/tvm/include/tvm/relay/expr_functor.h:95
  8: tvm::NodeFunctor<void (tvm::runtime::ObjectRef const&, tvm::relay::ExprFunctor<void (tvm::RelayExpr const&)>*)>::operator()(tvm::runtime::ObjectRef const&, tvm::relay::ExprFunctor<void (tvm::RelayExpr const&)>*) const
        at /home/yj/tvm/include/tvm/node/functor.h:97
  7: tvm::relay::ExprFunctor<void (tvm::RelayExpr const&)>::InitVTable()::{lambda(tvm::runtime::ObjectRef const&, tvm::relay::ExprFunctor<void (tvm::RelayExpr const&)>*)#6}::_FUN(tvm::runtime::ObjectRef const&, tvm::relay::ExprFunctor<void (tvm::RelayExpr const&)>*)
        at /home/yj/tvm/include/tvm/relay/expr_functor.h:128
  6: tvm::relay::ExprFunctor<void (tvm::RelayExpr const&)>::InitVTable()::{lambda(tvm::runtime::ObjectRef const&, tvm::relay::ExprFunctor<void (tvm::RelayExpr const&)>*)#6}::operator()(tvm::runtime::ObjectRef const&, tvm::relay::ExprFunctor<void (tvm::RelayExpr const&)>*) const
        at /home/yj/tvm/include/tvm/relay/expr_functor.h:128
  5: tvm::relay::transform::DeviceAwareExprVisitor::VisitExpr_(tvm::relay::CallNode const*)
        at /home/yj/tvm/src/relay/transforms/device_aware_visitors.cc:186
  4: tvm::relay::StorageAllocator::DeviceAwareVisitExpr_(tvm::relay::CallNode const*)
        at /home/yj/tvm/src/relay/backend/graph_plan_memory.cc:363
  3: tvm::relay::StorageAllocaBaseVisitor::CreateToken(tvm::RelayExprNode const*, bool)
        at /home/yj/tvm/src/relay/backend/graph_plan_memory.cc:172
  2: tvm::relay::StorageAllocator::CreateTokenOnDevice(tvm::RelayExprNode const*, tvm::VirtualDevice const&, bool)
        at /home/yj/tvm/src/relay/backend/graph_plan_memory.cc:304
  1: tvm::relay::StorageAllocator::Request(tvm::relay::StorageToken*)
        at /home/yj/tvm/src/relay/backend/graph_plan_memory.cc:412
  0: tvm::relay::StorageAllocator::GetMemorySize(tvm::relay::StorageToken*)
        at /home/yj/tvm/src/relay/backend/graph_plan_memory.cc:398
  File "/home/yj/tvm/src/relay/backend/graph_plan_memory.cc", line 398
TVMError: 
---------------------------------------------------------------
An error occurred during the execution of TVM.
For more information, please see: https://tvm.apache.org/docs/errors.html
---------------------------------------------------------------
  Check failed: (pval != nullptr) is false: Cannot allocate memory symbolic tensor shape [?]

During handling of the above exception, another exception occurred:

Traceback (most recent call last):
  File "/home/yj/tvm/python/tvm/testing/test_meta_schedule.py", line 83, in <module>
    vm_exec = relay.vm.compile(mod, target=target, params=params)
  File "/home/yj/tvm/python/tvm/relay/backend/vm.py", line 79, in compile
    compiler.lower(mod, target)
  File "/home/yj/tvm/python/tvm/relay/backend/vm.py", line 155, in lower
    self._lower(mod, target, target_host)
  File "/home/yj/tvm/python/tvm/_ffi/_ctypes/packed_func.py", line 237, in __call__
    raise get_last_ffi_error()
tvm._ffi.base.TVMError: Traceback (most recent call last):
  88: TVMFuncCall
        at /home/yj/tvm/src/runtime/c_runtime_api.cc:477
  87: tvm::runtime::PackedFuncObj::CallPacked(tvm::runtime::TVMArgs, tvm::runtime::TVMRetValue*) const
        at /home/yj/tvm/include/tvm/runtime/packed_func.h:1217
  86: Call
        at /home/yj/tvm/include/tvm/runtime/packed_func.h:1213
  85: operator()
        at /home/yj/tvm/src/relay/backend/vm/compiler.cc:831
  84: tvm::relay::vm::VMCompiler::Lower(tvm::IRModule, tvm::runtime::Map<tvm::Integer, tvm::Target, void, void>, tvm::Target)
        at /home/yj/tvm/src/relay/backend/vm/compiler.cc:882
  83: tvm::relay::vm::VMCompiler::OptimizeModuleImpl(tvm::IRModule)
        at /home/yj/tvm/src/relay/backend/vm/compiler.cc:1106
  82: tvm::transform::Pass::operator()(tvm::IRModule) const
        at /home/yj/tvm/src/ir/transform.cc:255
  81: tvm::transform::Pass::operator()(tvm::IRModule, tvm::transform::PassContext const&) const
        at /home/yj/tvm/src/ir/transform.cc:267
  80: tvm::transform::SequentialNode::operator()(tvm::IRModule, tvm::transform::PassContext const&) const
        at /home/yj/tvm/src/ir/transform.cc:430
  79: tvm::transform::Pass::operator()(tvm::IRModule, tvm::transform::PassContext const&) const
        at /home/yj/tvm/src/ir/transform.cc:267
  78: tvm::transform::SequentialNode::operator()(tvm::IRModule, tvm::transform::PassContext const&) const
        at /home/yj/tvm/src/ir/transform.cc:430
  77: tvm::transform::Pass::operator()(tvm::IRModule, tvm::transform::PassContext const&) const
        at /home/yj/tvm/src/ir/transform.cc:267
  76: tvm::transform::ModulePassNode::operator()(tvm::IRModule, tvm::transform::PassContext const&) const
        at /home/yj/tvm/src/ir/transform.cc:359
  75: tvm::runtime::TypedPackedFunc<tvm::IRModule (tvm::IRModule, tvm::transform::PassContext)>::operator()(tvm::IRModule, tvm::transform::PassContext) const
        at /home/yj/tvm/include/tvm/runtime/packed_func.h:1750
  74: tvm::IRModule tvm::runtime::detail::typed_packed_call_dispatcher<tvm::IRModule>::run<tvm::IRModule, tvm::transform::PassContext>(tvm::runtime::PackedFunc const&, tvm::IRModule&&, tvm::transform::PassContext&&)
        at /home/yj/tvm/include/tvm/runtime/packed_func.h:1694
  73: tvm::runtime::TVMRetValue tvm::runtime::PackedFunc::operator()<tvm::IRModule, tvm::transform::PassContext>(tvm::IRModule&&, tvm::transform::PassContext&&) const
  72: Call
        at /home/yj/tvm/include/tvm/runtime/packed_func.h:1213
  71: operator()
        at /home/yj/tvm/include/tvm/runtime/packed_func.h:1744
  70: unpack_call<tvm::IRModule, 2, tvm::relay::tec::LowerTEPass(const tvm::runtime::String&, tvm::relay::tec::ProcessFn, tvm::VirtualDevice)::<lambda(tvm::IRModule, tvm::relay::transform::PassContext)> >
        at /home/yj/tvm/include/tvm/runtime/packed_func.h:1671
  69: run<>
        at /home/yj/tvm/include/tvm/runtime/packed_func.h:1631
  68: run<tvm::runtime::TVMMovableArgValueWithContext_>
        at /home/yj/tvm/include/tvm/runtime/packed_func.h:1631
  67: run<tvm::runtime::TVMMovableArgValueWithContext_, tvm::runtime::TVMMovableArgValueWithContext_>
        at /home/yj/tvm/include/tvm/runtime/packed_func.h:1646
  66: operator()
        at /home/yj/tvm/src/relay/backend/te_compiler.cc:1195
  65: tvm::relay::tec::LowerTE(tvm::IRModule const&, tvm::runtime::String const&, std::function<void (tvm::BaseFunc)>, tvm::VirtualDevice)
        at /home/yj/tvm/src/relay/backend/te_compiler.cc:1091
  64: tvm::transform::Pass::operator()(tvm::IRModule) const
        at /home/yj/tvm/src/ir/transform.cc:255
  63: tvm::transform::Pass::operator()(tvm::IRModule, tvm::transform::PassContext const&) const
        at /home/yj/tvm/src/ir/transform.cc:267
  62: tvm::relay::transform::FunctionPassNode::operator()(tvm::IRModule, tvm::transform::PassContext const&) const
        at /home/yj/tvm/src/relay/ir/transform.cc:133
  61: tvm::runtime::TypedPackedFunc<tvm::relay::Function (tvm::relay::Function, tvm::IRModule, tvm::transform::PassContext)>::operator()(tvm::relay::Function, tvm::IRModule, tvm::transform::PassContext) const
        at /home/yj/tvm/include/tvm/runtime/packed_func.h:1750
  60: tvm::relay::Function tvm::runtime::detail::typed_packed_call_dispatcher<tvm::relay::Function>::run<tvm::relay::Function, tvm::IRModule, tvm::transform::PassContext>(tvm::runtime::PackedFunc const&, tvm::relay::Function&&, tvm::IRModule&&, tvm::transform::PassContext&&)
        at /home/yj/tvm/include/tvm/runtime/packed_func.h:1694
  59: tvm::runtime::TVMRetValue tvm::runtime::PackedFunc::operator()<tvm::relay::Function, tvm::IRModule, tvm::transform::PassContext>(tvm::relay::Function&&, tvm::IRModule&&, tvm::transform::PassContext&&) const
        at /home/yj/tvm/include/tvm/runtime/packed_func.h:1618
  58: tvm::runtime::PackedFuncObj::CallPacked(tvm::runtime::TVMArgs, tvm::runtime::TVMRetValue*) const
        at /home/yj/tvm/include/tvm/runtime/packed_func.h:1217
  57: Call
        at /home/yj/tvm/include/tvm/runtime/packed_func.h:1213
  56: operator()
        at /home/yj/tvm/include/tvm/runtime/packed_func.h:1744
  55: unpack_call<tvm::relay::Function, 3, tvm::relay::tec::LowerTensorExpr(const tvm::runtime::String&, tvm::relay::tec::TECompiler, tvm::relay::tec::ProcessFn, tvm::VirtualDevice)::<lambda(tvm::relay::Function, tvm::IRModule, tvm::relay::transform::PassContext)> >
        at /home/yj/tvm/include/tvm/runtime/packed_func.h:1671
  54: run<>
        at /home/yj/tvm/include/tvm/runtime/packed_func.h:1631
  53: run<tvm::runtime::TVMMovableArgValueWithContext_>
        at /home/yj/tvm/include/tvm/runtime/packed_func.h:1631
  52: run<tvm::runtime::TVMMovableArgValueWithContext_, tvm::runtime::TVMMovableArgValueWithContext_>
        at /home/yj/tvm/include/tvm/runtime/packed_func.h:1631
  51: run<tvm::runtime::TVMMovableArgValueWithContext_, tvm::runtime::TVMMovableArgValueWithContext_, tvm::runtime::TVMMovableArgValueWithContext_>
        at /home/yj/tvm/include/tvm/runtime/packed_func.h:1646
  50: operator()
        at /home/yj/tvm/src/relay/backend/te_compiler.cc:842
  49: tvm::relay::ExprMutator::Mutate(tvm::RelayExpr const&)
        at /home/yj/tvm/include/tvm/relay/expr_functor.h:190
  48: tvm::relay::ExprMutator::VisitExpr(tvm::RelayExpr const&)
        at /home/yj/tvm/src/relay/ir/expr_functor.cc:158
  47: tvm::relay::ExprFunctor<tvm::RelayExpr (tvm::RelayExpr const&)>::VisitExpr(tvm::RelayExpr const&)
        at /home/yj/tvm/include/tvm/relay/expr_functor.h:95
  46: tvm::NodeFunctor<tvm::RelayExpr (tvm::runtime::ObjectRef const&, tvm::relay::ExprFunctor<tvm::RelayExpr (tvm::RelayExpr const&)>*)>::operator()(tvm::runtime::ObjectRef const&, tvm::relay::ExprFunctor<tvm::RelayExpr (tvm::RelayExpr const&)>*) const
        at /home/yj/tvm/include/tvm/node/functor.h:97
  45: tvm::relay::ExprFunctor<tvm::RelayExpr (tvm::RelayExpr const&)>::InitVTable()::{lambda(tvm::runtime::ObjectRef const&, tvm::relay::ExprFunctor<tvm::RelayExpr (tvm::RelayExpr const&)>*)#5}::_FUN(tvm::runtime::ObjectRef const&, tvm::relay::ExprFunctor<tvm::RelayExpr (tvm::RelayExpr const&)>*)
        at /home/yj/tvm/include/tvm/relay/expr_functor.h:127
  44: tvm::relay::ExprFunctor<tvm::RelayExpr (tvm::RelayExpr const&)>::InitVTable()::{lambda(tvm::runtime::ObjectRef const&, tvm::relay::ExprFunctor<tvm::RelayExpr (tvm::RelayExpr const&)>*)#5}::operator()(tvm::runtime::ObjectRef const&, tvm::relay::ExprFunctor<tvm::RelayExpr (tvm::RelayExpr const&)>*) const
        at /home/yj/tvm/include/tvm/relay/expr_functor.h:127
  43: tvm::relay::transform::DeviceAwareExprMutator::VisitExpr_(tvm::relay::FunctionNode const*)
        at /home/yj/tvm/src/relay/transforms/device_aware_visitors.cc:228
  42: tvm::relay::tec::LowerTensorExprMutator::DeviceAwareVisitExpr_(tvm::relay::FunctionNode const*)
        at /home/yj/tvm/src/relay/backend/te_compiler.cc:691
  41: tvm::relay::transform::DeviceAwareExprMutator::DeviceAwareVisitExpr_(tvm::relay::FunctionNode const*)
        at /home/yj/tvm/src/relay/transforms/device_aware_visitors.cc:283
  40: tvm::relay::ExprMutator::VisitExpr_(tvm::relay::FunctionNode const*)
        at /home/yj/tvm/src/relay/ir/expr_functor.cc:204
  39: tvm::relay::ExprMutator::Mutate(tvm::RelayExpr const&)
        at /home/yj/tvm/include/tvm/relay/expr_functor.h:190
  38: tvm::relay::ExprMutator::VisitExpr(tvm::RelayExpr const&)
        at /home/yj/tvm/src/relay/ir/expr_functor.cc:158
  37: tvm::relay::ExprFunctor<tvm::RelayExpr (tvm::RelayExpr const&)>::VisitExpr(tvm::RelayExpr const&)
        at /home/yj/tvm/include/tvm/relay/expr_functor.h:95
  36: tvm::NodeFunctor<tvm::RelayExpr (tvm::runtime::ObjectRef const&, tvm::relay::ExprFunctor<tvm::RelayExpr (tvm::RelayExpr const&)>*)>::operator()(tvm::runtime::ObjectRef const&, tvm::relay::ExprFunctor<tvm::RelayExpr (tvm::RelayExpr const&)>*) const
        at /home/yj/tvm/include/tvm/node/functor.h:97
  35: tvm::relay::ExprFunctor<tvm::RelayExpr (tvm::RelayExpr const&)>::InitVTable()::{lambda(tvm::runtime::ObjectRef const&, tvm::relay::ExprFunctor<tvm::RelayExpr (tvm::RelayExpr const&)>*)#7}::_FUN(tvm::runtime::ObjectRef const&, tvm::relay::ExprFunctor<tvm::RelayExpr (tvm::RelayExpr const&)>*)
        at /home/yj/tvm/include/tvm/relay/expr_functor.h:129
  34: tvm::relay::ExprFunctor<tvm::RelayExpr (tvm::RelayExpr const&)>::InitVTable()::{lambda(tvm::runtime::ObjectRef const&, tvm::relay::ExprFunctor<tvm::RelayExpr (tvm::RelayExpr const&)>*)#7}::operator()(tvm::runtime::ObjectRef const&, tvm::relay::ExprFunctor<tvm::RelayExpr (tvm::RelayExpr const&)>*) const
        at /home/yj/tvm/include/tvm/relay/expr_functor.h:129
  33: tvm::relay::transform::DeviceAwareExprMutator::VisitExpr_(tvm::relay::LetNode const*)
        at /home/yj/tvm/src/relay/transforms/device_aware_visitors.cc:250
  32: tvm::relay::tec::LowerTensorExprMutator::PreVisitLetBinding_(tvm::relay::Var const&, tvm::RelayExpr const&)
        at /home/yj/tvm/src/relay/backend/te_compiler.cc:666
  31: tvm::relay::ExprMutator::Mutate(tvm::RelayExpr const&)
        at /home/yj/tvm/include/tvm/relay/expr_functor.h:190
  30: tvm::relay::ExprMutator::VisitExpr(tvm::RelayExpr const&)
        at /home/yj/tvm/src/relay/ir/expr_functor.cc:158
  29: tvm::relay::ExprFunctor<tvm::RelayExpr (tvm::RelayExpr const&)>::VisitExpr(tvm::RelayExpr const&)
        at /home/yj/tvm/include/tvm/relay/expr_functor.h:95
  28: tvm::NodeFunctor<tvm::RelayExpr (tvm::runtime::ObjectRef const&, tvm::relay::ExprFunctor<tvm::RelayExpr (tvm::RelayExpr const&)>*)>::operator()(tvm::runtime::ObjectRef const&, tvm::relay::ExprFunctor<tvm::RelayExpr (tvm::RelayExpr const&)>*) const
        at /home/yj/tvm/include/tvm/node/functor.h:97
  27: tvm::relay::ExprFunctor<tvm::RelayExpr (tvm::RelayExpr const&)>::InitVTable()::{lambda(tvm::runtime::ObjectRef const&, tvm::relay::ExprFunctor<tvm::RelayExpr (tvm::RelayExpr const&)>*)#6}::_FUN(tvm::runtime::ObjectRef const&, tvm::relay::ExprFunctor<tvm::RelayExpr (tvm::RelayExpr const&)>*)
        at /home/yj/tvm/include/tvm/relay/expr_functor.h:128
  26: tvm::relay::ExprFunctor<tvm::RelayExpr (tvm::RelayExpr const&)>::InitVTable()::{lambda(tvm::runtime::ObjectRef const&, tvm::relay::ExprFunctor<tvm::RelayExpr (tvm::RelayExpr const&)>*)#6}::operator()(tvm::runtime::ObjectRef const&, tvm::relay::ExprFunctor<tvm::RelayExpr (tvm::RelayExpr const&)>*) const
        at /home/yj/tvm/include/tvm/relay/expr_functor.h:128
  25: tvm::relay::transform::DeviceAwareExprMutator::VisitExpr_(tvm::relay::CallNode const*)
        at /home/yj/tvm/src/relay/transforms/device_aware_visitors.cc:273
  24: tvm::relay::ExprMutator::VisitExpr(tvm::RelayExpr const&)
        at /home/yj/tvm/src/relay/ir/expr_functor.cc:158
  23: tvm::relay::ExprFunctor<tvm::RelayExpr (tvm::RelayExpr const&)>::VisitExpr(tvm::RelayExpr const&)
        at /home/yj/tvm/include/tvm/relay/expr_functor.h:95
  22: tvm::NodeFunctor<tvm::RelayExpr (tvm::runtime::ObjectRef const&, tvm::relay::ExprFunctor<tvm::RelayExpr (tvm::RelayExpr const&)>*)>::operator()(tvm::runtime::ObjectRef const&, tvm::relay::ExprFunctor<tvm::RelayExpr (tvm::RelayExpr const&)>*) const
        at /home/yj/tvm/include/tvm/node/functor.h:97
  21: tvm::relay::ExprFunctor<tvm::RelayExpr (tvm::RelayExpr const&)>::InitVTable()::{lambda(tvm::runtime::ObjectRef const&, tvm::relay::ExprFunctor<tvm::RelayExpr (tvm::RelayExpr const&)>*)#6}::_FUN(tvm::runtime::ObjectRef const&, tvm::relay::ExprFunctor<tvm::RelayExpr (tvm::RelayExpr const&)>*)
        at /home/yj/tvm/include/tvm/relay/expr_functor.h:128
  20: tvm::relay::ExprFunctor<tvm::RelayExpr (tvm::RelayExpr const&)>::InitVTable()::{lambda(tvm::runtime::ObjectRef const&, tvm::relay::ExprFunctor<tvm::RelayExpr (tvm::RelayExpr const&)>*)#6}::operator()(tvm::runtime::ObjectRef const&, tvm::relay::ExprFunctor<tvm::RelayExpr (tvm::RelayExpr const&)>*) const
        at /home/yj/tvm/include/tvm/relay/expr_functor.h:128
  19: tvm::relay::transform::DeviceAwareExprMutator::VisitExpr_(tvm::relay::CallNode const*)
        at /home/yj/tvm/src/relay/transforms/device_aware_visitors.cc:278
  18: tvm::relay::tec::LowerTensorExprMutator::DeviceAwareVisitExpr_(tvm::relay::CallNode const*)
        at /home/yj/tvm/src/relay/backend/te_compiler.cc:784
  17: tvm::relay::tec::LowerTensorExprMutator::MakeLoweredCall(tvm::relay::Function, tvm::runtime::Array<tvm::RelayExpr, void>, tvm::Span, tvm::Target)
        at /home/yj/tvm/src/relay/backend/te_compiler.cc:639
  16: tvm::relay::tec::TECompilerImpl::LowerShapeFunc(tvm::relay::tec::CCacheKey const&)
        at /home/yj/tvm/src/relay/backend/te_compiler.cc:100
  15: tvm::relay::tec::TECompilerImpl::LowerShapeFuncInternal(tvm::relay::tec::CCacheKey const&)
        at /home/yj/tvm/src/relay/backend/te_compiler.cc:402
  14: tvm::relay::tec::ShapeFuncFor(tvm::relay::Function const&, tvm::Target const&, std::function<std::__cxx11::basic_string<char, std::char_traits<char>, std::allocator<char> > (std::__cxx11::basic_string<char, std::char_traits<char>, std::allocator<char> >)>)
        at /home/yj/tvm/src/relay/backend/te_compiler_cache.cc:764
  13: tvm::relay::tec::MakeShapeFunc::Create(tvm::relay::Function const&, tvm::Target const&, std::function<std::__cxx11::basic_string<char, std::char_traits<char>, std::allocator<char> > (std::__cxx11::basic_string<char, std::char_traits<char>, std::allocator<char> >)>)
        at /home/yj/tvm/src/relay/backend/te_compiler_cache.cc:459
  12: tvm::relay::tec::MakeShapeFunc::VisitExpr(tvm::RelayExpr const&)
        at /home/yj/tvm/src/relay/backend/te_compiler_cache.cc:563
  11: tvm::relay::backend::MemoizedExprTranslator<tvm::runtime::Array<tvm::te::Tensor, void> >::VisitExpr(tvm::RelayExpr const&)
        at /home/yj/tvm/src/relay/backend/./../transforms/../backend/utils.h:309
  10: tvm::relay::ExprFunctor<tvm::runtime::Array<tvm::te::Tensor, void> (tvm::RelayExpr const&)>::VisitExpr(tvm::RelayExpr const&)
        at /home/yj/tvm/include/tvm/relay/expr_functor.h:95
  9: tvm::NodeFunctor<tvm::runtime::Array<tvm::te::Tensor, void> (tvm::runtime::ObjectRef const&, tvm::relay::ExprFunctor<tvm::runtime::Array<tvm::te::Tensor, void> (tvm::RelayExpr const&)>*)>::operator()(tvm::runtime::ObjectRef const&, tvm::relay::ExprFunctor<tvm::runtime::Array<tvm::te::Tensor, void> (tvm::RelayExpr const&)>*) const
        at /home/yj/tvm/include/tvm/node/functor.h:97
  8: tvm::relay::ExprFunctor<tvm::runtime::Array<tvm::te::Tensor, void> (tvm::RelayExpr const&)>::InitVTable()::{lambda(tvm::runtime::ObjectRef const&, tvm::relay::ExprFunctor<tvm::runtime::Array<tvm::te::Tensor, void> (tvm::RelayExpr const&)>*)#6}::_FUN(tvm::runtime::ObjectRef const&, tvm::relay::ExprFunctor<tvm::runtime::Array<tvm::te::Tensor, void> (tvm::RelayExpr const&)>*)
        at /home/yj/tvm/include/tvm/relay/expr_functor.h:128
  7: tvm::relay::ExprFunctor<tvm::runtime::Array<tvm::te::Tensor, void> (tvm::RelayExpr const&)>::InitVTable()::{lambda(tvm::runtime::ObjectRef const&, tvm::relay::ExprFunctor<tvm::runtime::Array<tvm::te::Tensor, void> (tvm::RelayExpr const&)>*)#6}::operator()(tvm::runtime::ObjectRef const&, tvm::relay::ExprFunctor<tvm::runtime::Array<tvm::te::Tensor, void> (tvm::RelayExpr const&)>*) const
        at /home/yj/tvm/include/tvm/relay/expr_functor.h:128
  6: tvm::relay::tec::MakeShapeFunc::VisitExpr_(tvm::relay::CallNode const*)
        at /home/yj/tvm/src/relay/backend/te_compiler_cache.cc:703
  5: tvm::runtime::TypedPackedFunc<tvm::runtime::Array<tvm::te::Tensor, void> (tvm::Attrs const&, tvm::runtime::Array<tvm::te::Tensor, void> const&, tvm::runtime::Array<tvm::PrimExpr, void> const&)>::operator()(tvm::Attrs const&, tvm::runtime::Array<tvm::te::Tensor, void> const&, tvm::runtime::Array<tvm::PrimExpr, void> const&) const
        at /home/yj/tvm/include/tvm/runtime/packed_func.h:1750
  4: tvm::runtime::Array<tvm::te::Tensor, void> tvm::runtime::detail::typed_packed_call_dispatcher<tvm::runtime::Array<tvm::te::Tensor, void> >::run<tvm::Attrs const&, tvm::runtime::Array<tvm::te::Tensor, void> const&, tvm::runtime::Array<tvm::PrimExpr, void> const&>(tvm::runtime::PackedFunc const&, tvm::Attrs const&, tvm::runtime::Array<tvm::te::Tensor, void> const&, tvm::runtime::Array<tvm::PrimExpr, void> const&)
        at /home/yj/tvm/include/tvm/runtime/packed_func.h:1694
  3: tvm::runtime::TVMRetValue tvm::runtime::PackedFunc::operator()<tvm::Attrs const&, tvm::runtime::Array<tvm::te::Tensor, void> const&, tvm::runtime::Array<tvm::PrimExpr, void> const&>(tvm::Attrs const&, tvm::runtime::Array<tvm::te::Tensor, void> const&, tvm::runtime::Array<tvm::PrimExpr, void> const&) const
        at /home/yj/tvm/include/tvm/runtime/packed_func.h:1618
  2: tvm::runtime::PackedFuncObj::CallPacked(tvm::runtime::TVMArgs, tvm::runtime::TVMRetValue*) const
        at /home/yj/tvm/include/tvm/runtime/packed_func.h:1217
  1: Call
        at /home/yj/tvm/include/tvm/runtime/packed_func.h:1213
  0: operator()
        at /home/yj/tvm/src/runtime/c_runtime_api.cc:534
  File "/home/yj/tvm/python/tvm/testing/test_meta_schedule.py", line 79, in <module>
    rt_mod2 = relay.build(mod, target=target, params=params)
  File "/home/yj/tvm/python/tvm/relay/build_module.py", line 478, in build
    graph_json, runtime_mod, params = bld_mod.build(
  File "/home/yj/tvm/python/tvm/relay/build_module.py", line 202, in build
    self._build(mod, target, target_host, executor, runtime, workspace_memory_pools, mod_name)
  File "/home/yj/tvm/python/tvm/_ffi/_ctypes/packed_func.py", line 237, in __call__
    raise get_last_ffi_error()
  49: TVMFuncCall
  48: tvm::runtime::PackedFuncObj::CallPacked(tvm::runtime::TVMArgs, tvm::runtime::TVMRetValue*) const
        at /home/yj/tvm/src/runtime/c_runtime_api.cc:477
  47: tvm::runtime::PackedFuncObj::Extractor<tvm::runtime::PackedFuncSubObj<tvm::relay::backend::RelayBuildModule::GetFunction(std::__cxx11::basic_string<char, std::char_traits<char>, std::allocator<char> > const&, tvm::runtime::ObjectPtr<tvm::runtime::Object> const&)::{lambda(tvm::runtime::TVMArgs, tvm::runtime::TVMRetValue*)#3}> >::Call(tvm::runtime::PackedFuncObj const*, tvm::runtime::TVMArgs, tvm::runtime::TVMRetValue*)
        at /home/yj/tvm/include/tvm/runtime/packed_func.h:1217
  46: tvm::relay::backend::RelayBuildModule::GetFunction(std::__cxx11::basic_string<char, std::char_traits<char>, std::allocator<char> > const&, tvm::runtime::ObjectPtr<tvm::runtime::Object> const&)::{lambda(tvm::runtime::TVMArgs, tvm::runtime::TVMRetValue*)#3}::operator()(tvm::runtime::TVMArgs, tvm::runtime::TVMRetValue*) const
        at /home/yj/tvm/include/tvm/runtime/packed_func.h:1213
  45: tvm::relay::backend::RelayBuildModule::Build(tvm::IRModule, tvm::runtime::Map<tvm::Integer, tvm::Target, void, void> const&, tvm::Target const&, tvm::relay::Executor const&, tvm::relay::Runtime const&, tvm::WorkspaceMemoryPools const&, tvm::runtime::String)
        at /home/yj/tvm/src/relay/backend/build_module.cc:194
  44: tvm::relay::backend::RelayBuildModule::BuildRelay(tvm::IRModule, tvm::runtime::String const&)
        at /home/yj/tvm/src/relay/backend/build_module.cc:313
  43: tvm::relay::backend::ExecutorCodegen::Codegen(tvm::IRModule, tvm::relay::Function const&, tvm::runtime::String)
        at /home/yj/tvm/src/relay/backend/build_module.cc:422
  42: void tvm::relay::backend::ExecutorCodegen::CallFunc<tvm::IRModule, tvm::relay::Function, tvm::runtime::String>(std::__cxx11::basic_string<char, std::char_traits<char>, std::allocator<char> > const&, tvm::IRModule, tvm::relay::Function, tvm::runtime::String)
        at /home/yj/tvm/src/relay/backend/build_module.cc:67
  41: tvm::runtime::TVMRetValue tvm::runtime::PackedFunc::operator()<tvm::IRModule, tvm::relay::Function, tvm::runtime::String>(tvm::IRModule&&, tvm::relay::Function&&, tvm::runtime::String&&) const
        at /home/yj/tvm/src/relay/backend/build_module.cc:123
  40: tvm::runtime::PackedFuncObj::CallPacked(tvm::runtime::TVMArgs, tvm::runtime::TVMRetValue*) const
        at /home/yj/tvm/include/tvm/runtime/packed_func.h:1618
  39: tvm::runtime::PackedFuncObj::Extractor<tvm::runtime::PackedFuncSubObj<tvm::relay::backend::GraphExecutorCodegenModule::GetFunction(std::__cxx11::basic_string<char, std::char_traits<char>, std::allocator<char> > const&, tvm::runtime::ObjectPtr<tvm::runtime::Object> const&)::{lambda(tvm::runtime::TVMArgs, tvm::runtime::TVMRetValue*)#2}> >::Call(tvm::runtime::PackedFuncObj const*, tvm::runtime::TVMArgs, tvm::runtime::TVMRetValue*)
        at /home/yj/tvm/include/tvm/runtime/packed_func.h:1217
  38: tvm::relay::backend::GraphExecutorCodegenModule::GetFunction(std::__cxx11::basic_string<char, std::char_traits<char>, std::allocator<char> > const&, tvm::runtime::ObjectPtr<tvm::runtime::Object> const&)::{lambda(tvm::runtime::TVMArgs, tvm::runtime::TVMRetValue*)#2}::operator()(tvm::runtime::TVMArgs, tvm::runtime::TVMRetValue*) const
        at /home/yj/tvm/include/tvm/runtime/packed_func.h:1213
  37: tvm::relay::backend::GraphExecutorCodegen::Codegen(tvm::IRModule, tvm::relay::Function, tvm::runtime::String)
        at /home/yj/tvm/src/relay/backend/graph_executor_codegen.cc:651
  36: tvm::relay::GraphPlanMemory(tvm::relay::Function const&)
        at /home/yj/tvm/src/relay/backend/graph_executor_codegen.cc:212
  35: tvm::relay::StorageAllocator::Plan(tvm::relay::Function const&)
        at /home/yj/tvm/src/relay/backend/graph_plan_memory.cc:484
  34: tvm::relay::StorageAllocaBaseVisitor::Run(tvm::relay::Function const&)
        at /home/yj/tvm/src/relay/backend/graph_plan_memory.cc:251
  33: tvm::relay::ExprVisitor::VisitExpr(tvm::RelayExpr const&)
        at /home/yj/tvm/src/relay/backend/graph_plan_memory.cc:80
  32: tvm::relay::ExprFunctor<void (tvm::RelayExpr const&)>::VisitExpr(tvm::RelayExpr const&)
        at /home/yj/tvm/src/relay/ir/expr_functor.cc:295
  31: tvm::NodeFunctor<void (tvm::runtime::ObjectRef const&, tvm::relay::ExprFunctor<void (tvm::RelayExpr const&)>*)>::operator()(tvm::runtime::ObjectRef const&, tvm::relay::ExprFunctor<void (tvm::RelayExpr const&)>*) const
        at /home/yj/tvm/include/tvm/relay/expr_functor.h:95
  30: tvm::relay::ExprFunctor<void (tvm::RelayExpr const&)>::InitVTable()::{lambda(tvm::runtime::ObjectRef const&, tvm::relay::ExprFunctor<void (tvm::RelayExpr const&)>*)#5}::_FUN(tvm::runtime::ObjectRef const&, tvm::relay::ExprFunctor<void (tvm::RelayExpr const&)>*)
        at /home/yj/tvm/include/tvm/node/functor.h:97
  29: tvm::relay::ExprFunctor<void (tvm::RelayExpr const&)>::InitVTable()::{lambda(tvm::runtime::ObjectRef const&, tvm::relay::ExprFunctor<void (tvm::RelayExpr const&)>*)#5}::operator()(tvm::runtime::ObjectRef const&, tvm::relay::ExprFunctor<void (tvm::RelayExpr const&)>*) const
        at /home/yj/tvm/include/tvm/relay/expr_functor.h:127
  28: tvm::relay::transform::DeviceAwareExprVisitor::VisitExpr_(tvm::relay::FunctionNode const*)
        at /home/yj/tvm/include/tvm/relay/expr_functor.h:127
  27: tvm::relay::StorageAllocaBaseVisitor::DeviceAwareVisitExpr_(tvm::relay::FunctionNode const*)
        at /home/yj/tvm/src/relay/transforms/device_aware_visitors.cc:142
  26: tvm::relay::StorageAllocaBaseVisitor::GetToken(tvm::RelayExpr const&)
        at /home/yj/tvm/src/relay/backend/graph_plan_memory.cc:103
  25: tvm::relay::ExprVisitor::VisitExpr(tvm::RelayExpr const&)
        at /home/yj/tvm/src/relay/backend/graph_plan_memory.cc:153
  24: tvm::relay::ExprFunctor<void (tvm::RelayExpr const&)>::VisitExpr(tvm::RelayExpr const&)
        at /home/yj/tvm/src/relay/ir/expr_functor.cc:295
  23: tvm::NodeFunctor<void (tvm::runtime::ObjectRef const&, tvm::relay::ExprFunctor<void (tvm::RelayExpr const&)>*)>::operator()(tvm::runtime::ObjectRef const&, tvm::relay::ExprFunctor<void (tvm::RelayExpr const&)>*) const
        at /home/yj/tvm/include/tvm/relay/expr_functor.h:95
  22: tvm::relay::ExprFunctor<void (tvm::RelayExpr const&)>::InitVTable()::{lambda(tvm::runtime::ObjectRef const&, tvm::relay::ExprFunctor<void (tvm::RelayExpr const&)>*)#2}::_FUN(tvm::runtime::ObjectRef const&, tvm::relay::ExprFunctor<void (tvm::RelayExpr const&)>*)
        at /home/yj/tvm/include/tvm/node/functor.h:97
  21: tvm::relay::ExprFunctor<void (tvm::RelayExpr const&)>::InitVTable()::{lambda(tvm::runtime::ObjectRef const&, tvm::relay::ExprFunctor<void (tvm::RelayExpr const&)>*)#2}::operator()(tvm::runtime::ObjectRef const&, tvm::relay::ExprFunctor<void (tvm::RelayExpr const&)>*) const
        at /home/yj/tvm/include/tvm/relay/expr_functor.h:124
  20: tvm::relay::StorageAllocaBaseVisitor::VisitExpr_(tvm::relay::TupleNode const*)
        at /home/yj/tvm/include/tvm/relay/expr_functor.h:124
  19: tvm::relay::StorageAllocaBaseVisitor::GetToken(tvm::RelayExpr const&)
        at /home/yj/tvm/src/relay/backend/graph_plan_memory.cc:119
  18: tvm::relay::ExprVisitor::VisitExpr(tvm::RelayExpr const&)
        at /home/yj/tvm/src/relay/backend/graph_plan_memory.cc:153
  17: tvm::relay::ExprFunctor<void (tvm::RelayExpr const&)>::VisitExpr(tvm::RelayExpr const&)
        at /home/yj/tvm/src/relay/ir/expr_functor.cc:295
  16: tvm::NodeFunctor<void (tvm::runtime::ObjectRef const&, tvm::relay::ExprFunctor<void (tvm::RelayExpr const&)>*)>::operator()(tvm::runtime::ObjectRef const&, tvm::relay::ExprFunctor<void (tvm::RelayExpr const&)>*) const
        at /home/yj/tvm/include/tvm/relay/expr_functor.h:95
  15: tvm::relay::ExprFunctor<void (tvm::RelayExpr const&)>::InitVTable()::{lambda(tvm::runtime::ObjectRef const&, tvm::relay::ExprFunctor<void (tvm::RelayExpr const&)>*)#6}::_FUN(tvm::runtime::ObjectRef const&, tvm::relay::ExprFunctor<void (tvm::RelayExpr const&)>*)
        at /home/yj/tvm/include/tvm/node/functor.h:97
  14: tvm::relay::ExprFunctor<void (tvm::RelayExpr const&)>::InitVTable()::{lambda(tvm::runtime::ObjectRef const&, tvm::relay::ExprFunctor<void (tvm::RelayExpr const&)>*)#6}::operator()(tvm::runtime::ObjectRef const&, tvm::relay::ExprFunctor<void (tvm::RelayExpr const&)>*) const
        at /home/yj/tvm/include/tvm/relay/expr_functor.h:128
  13: tvm::relay::transform::DeviceAwareExprVisitor::VisitExpr_(tvm::relay::CallNode const*)
        at /home/yj/tvm/include/tvm/relay/expr_functor.h:128
  12: tvm::relay::StorageAllocator::DeviceAwareVisitExpr_(tvm::relay::CallNode const*)
        at /home/yj/tvm/src/relay/transforms/device_aware_visitors.cc:186
  11: tvm::relay::StorageAllocaBaseVisitor::GetToken(tvm::RelayExpr const&)
        at /home/yj/tvm/src/relay/backend/graph_plan_memory.cc:343
  10: tvm::relay::ExprVisitor::VisitExpr(tvm::RelayExpr const&)
        at /home/yj/tvm/src/relay/backend/graph_plan_memory.cc:153
  9: tvm::relay::ExprFunctor<void (tvm::RelayExpr const&)>::VisitExpr(tvm::RelayExpr const&)
        at /home/yj/tvm/src/relay/ir/expr_functor.cc:295
  8: tvm::NodeFunctor<void (tvm::runtime::ObjectRef const&, tvm::relay::ExprFunctor<void (tvm::RelayExpr const&)>*)>::operator()(tvm::runtime::ObjectRef const&, tvm::relay::ExprFunctor<void (tvm::RelayExpr const&)>*) const
        at /home/yj/tvm/include/tvm/relay/expr_functor.h:95
  7: tvm::relay::ExprFunctor<void (tvm::RelayExpr const&)>::InitVTable()::{lambda(tvm::runtime::ObjectRef const&, tvm::relay::ExprFunctor<void (tvm::RelayExpr const&)>*)#6}::_FUN(tvm::runtime::ObjectRef const&, tvm::relay::ExprFunctor<void (tvm::RelayExpr const&)>*)
        at /home/yj/tvm/include/tvm/node/functor.h:97
  6: tvm::relay::ExprFunctor<void (tvm::RelayExpr const&)>::InitVTable()::{lambda(tvm::runtime::ObjectRef const&, tvm::relay::ExprFunctor<void (tvm::RelayExpr const&)>*)#6}::operator()(tvm::runtime::ObjectRef const&, tvm::relay::ExprFunctor<void (tvm::RelayExpr const&)>*) const
        at /home/yj/tvm/include/tvm/relay/expr_functor.h:128
  5: tvm::relay::transform::DeviceAwareExprVisitor::VisitExpr_(tvm::relay::CallNode const*)
        at /home/yj/tvm/include/tvm/relay/expr_functor.h:128
  4: tvm::relay::StorageAllocator::DeviceAwareVisitExpr_(tvm::relay::CallNode const*)
        at /home/yj/tvm/src/relay/transforms/device_aware_visitors.cc:186
  3: tvm::relay::StorageAllocaBaseVisitor::CreateToken(tvm::RelayExprNode const*, bool)
        at /home/yj/tvm/src/relay/backend/graph_plan_memory.cc:363
  2: tvm::relay::StorageAllocator::CreateTokenOnDevice(tvm::RelayExprNode const*, tvm::VirtualDevice const&, bool)
        at /home/yj/tvm/src/relay/backend/graph_plan_memory.cc:172
  1: tvm::relay::StorageAllocator::Request(tvm::relay::StorageToken*)
        at /home/yj/tvm/src/relay/backend/graph_plan_memory.cc:304
  0: tvm::relay::StorageAllocator::GetMemorySize(tvm::relay::StorageToken*)
        at /home/yj/tvm/src/relay/backend/graph_plan_memory.cc:412
  File "/home/yj/tvm/src/relay/backend/graph_plan_memory.cc", line 398
        at /home/yj/tvm/src/relay/backend/graph_plan_memory.cc:398
  File "/home/yj/tvm/python/tvm/_ffi/_ctypes/packed_func.py", line 81, in cfun
    rv = local_pyfunc(*pyargs)
  File "/home/yj/tvm/python/tvm/relay/op/dyn/_transform.py", line 248, in strided_slice_shape_func
    return [_strided_slice_shape_func_input_data(*inputs, slice_mode)]
  File "/home/yj/anaconda3/lib/python3.9/site-packages/decorator.py", line 232, in fun
    return caller(func, *(extras + args), **kw)
  File "/home/yj/tvm/python/tvm/te/hybrid/__init__.py", line 60, in wrapped_func
    return source_to_op(src, args, func.__globals__, closure_vars)
  File "/home/yj/tvm/python/tvm/te/hybrid/parser.py", line 640, in source_to_op
    parser = parse_python(src, args, symbols, closure_vars)
  File "/home/yj/tvm/python/tvm/te/hybrid/parser.py", line 610, in parse_python
    parser.parsed_body = parser.visit(root)
  File "/home/yj/anaconda3/lib/python3.9/ast.py", line 407, in visit
    return visitor(node)
  File "/home/yj/tvm/python/tvm/te/hybrid/parser.py", line 229, in visit_Module
    return self.visit(node.body[0])
  File "/home/yj/anaconda3/lib/python3.9/ast.py", line 407, in visit
    return visitor(node)
  File "/home/yj/tvm/python/tvm/te/hybrid/parser.py", line 242, in visit_FunctionDef
    res = visit_list_to_block(self.visit, node.body)
  File "/home/yj/tvm/python/tvm/te/hybrid/parser.py", line 58, in visit_list_to_block
    lst = [visit(stmt) for stmt in lst if not utils.is_docstring(stmt)]
  File "/home/yj/tvm/python/tvm/te/hybrid/parser.py", line 58, in <listcomp>
    lst = [visit(stmt) for stmt in lst if not utils.is_docstring(stmt)]
  File "/home/yj/anaconda3/lib/python3.9/ast.py", line 407, in visit
    return visitor(node)
  File "/home/yj/tvm/python/tvm/te/hybrid/parser.py", line 506, in visit_For
    body = visit_list_to_block(self.visit, node.body)
  File "/home/yj/tvm/python/tvm/te/hybrid/parser.py", line 58, in visit_list_to_block
    lst = [visit(stmt) for stmt in lst if not utils.is_docstring(stmt)]
  File "/home/yj/tvm/python/tvm/te/hybrid/parser.py", line 58, in <listcomp>
    lst = [visit(stmt) for stmt in lst if not utils.is_docstring(stmt)]
  File "/home/yj/anaconda3/lib/python3.9/ast.py", line 407, in visit
    return visitor(node)
  File "/home/yj/tvm/python/tvm/te/hybrid/parser.py", line 303, in visit_Assign
    rhs = self.visit(node.value)
  File "/home/yj/anaconda3/lib/python3.9/ast.py", line 407, in visit
    return visitor(node)
  File "/home/yj/tvm/python/tvm/te/hybrid/parser.py", line 466, in visit_Call
    args = [self.visit(i) for i in node.args]
  File "/home/yj/tvm/python/tvm/te/hybrid/parser.py", line 466, in <listcomp>
    args = [self.visit(i) for i in node.args]
  File "/home/yj/anaconda3/lib/python3.9/ast.py", line 407, in visit
    return visitor(node)
  File "/home/yj/tvm/python/tvm/te/hybrid/parser.py", line 389, in visit_Subscript
    return tvm.tir.ProducerLoad(arr, args)
  File "/home/yj/tvm/python/tvm/tir/expr.py", line 1082, in __init__
    self.__init_handle_by_constructor__(
  File "/home/yj/tvm/python/tvm/_ffi/_ctypes/object.py", line 136, in __init_handle_by_constructor__
    handle = __init_by_constructor__(fconstructor, args)
  File "/home/yj/tvm/python/tvm/_ffi/_ctypes/packed_func.py", line 260, in __init_handle_by_constructor__
    raise get_last_ffi_error()
  9: TVMFuncCall
  8: tvm::runtime::PackedFuncObj::CallPacked(tvm::runtime::TVMArgs, tvm::runtime::TVMRetValue*) const
        at /home/yj/tvm/src/runtime/c_runtime_api.cc:477
  7: Call
        at /home/yj/tvm/include/tvm/runtime/packed_func.h:1217
  6: operator()
        at /home/yj/tvm/include/tvm/runtime/packed_func.h:1213
  5: unpack_call<tvm::tir::ProducerLoad, 3, tvm::tir::<lambda(tvm::tir::DataProducer, tvm::runtime::Array<tvm::PrimExpr>, tvm::Span)> >
        at /home/yj/tvm/include/tvm/runtime/packed_func.h:1731
  4: run<>
        at /home/yj/tvm/include/tvm/runtime/packed_func.h:1671
  3: run<tvm::runtime::TVMMovableArgValueWithContext_>
        at /home/yj/tvm/include/tvm/runtime/packed_func.h:1631
  2: run<tvm::runtime::TVMMovableArgValueWithContext_, tvm::runtime::TVMMovableArgValueWithContext_>
        at /home/yj/tvm/include/tvm/runtime/packed_func.h:1631
  1: run<tvm::runtime::TVMMovableArgValueWithContext_, tvm::runtime::TVMMovableArgValueWithContext_, tvm::runtime::TVMMovableArgValueWithContext_>
        at /home/yj/tvm/include/tvm/runtime/packed_func.h:1631
  0: tvm::runtime::TVMMovableArgValueWithContext_::operator tvm::runtime::Array<tvm::PrimExpr, void><tvm::runtime::Array<tvm::PrimExpr, void> >() const
        at /home/yj/tvm/include/tvm/runtime/packed_func.h:1646
  12: TVMFuncCall
        at /home/yj/tvm/include/tvm/runtime/packed_func.h:777
  11: tvm::runtime::PackedFuncObj::CallPacked(tvm::runtime::TVMArgs, tvm::runtime::TVMRetValue*) const
        at /home/yj/tvm/src/runtime/c_runtime_api.cc:477
  10: Call
        at /home/yj/tvm/include/tvm/runtime/packed_func.h:1217
  9: operator()
        at /home/yj/tvm/include/tvm/runtime/packed_func.h:1213
  8: unpack_call<tvm::tir::ProducerLoad, 3, tvm::tir::<lambda(tvm::tir::DataProducer, tvm::runtime::Array<tvm::PrimExpr>, tvm::Span)> >
        at /home/yj/tvm/include/tvm/runtime/packed_func.h:1731
  7: run<>
        at /home/yj/tvm/include/tvm/runtime/packed_func.h:1671
  6: run<tvm::runtime::TVMMovableArgValueWithContext_>
        at /home/yj/tvm/include/tvm/runtime/packed_func.h:1631
  5: run<tvm::runtime::TVMMovableArgValueWithContext_, tvm::runtime::TVMMovableArgValueWithContext_>
        at /home/yj/tvm/include/tvm/runtime/packed_func.h:1631
  4: run<tvm::runtime::TVMMovableArgValueWithContext_, tvm::runtime::TVMMovableArgValueWithContext_, tvm::runtime::TVMMovableArgValueWithContext_>
        at /home/yj/tvm/include/tvm/runtime/packed_func.h:1631
  3: tvm::runtime::TVMMovableArgValueWithContext_::operator tvm::runtime::Array<tvm::PrimExpr, void><tvm::runtime::Array<tvm::PrimExpr, void> >() const
        at /home/yj/tvm/include/tvm/runtime/packed_func.h:1646
  2: tvm::runtime::TVMMovableArgValue_::operator tvm::runtime::Array<tvm::PrimExpr, void><tvm::runtime::Array<tvm::PrimExpr, void>, void>() const
        at /home/yj/tvm/include/tvm/runtime/packed_func.h:775
  1: tvm::runtime::PackedFuncValueConverter<tvm::runtime::Array<tvm::PrimExpr, void> >::From(tvm::runtime::TVMArgValue const&)
        at /home/yj/tvm/include/tvm/runtime/packed_func.h:1929
  0: tvm::runtime::Array<tvm::PrimExpr, void> tvm::runtime::TVMPODValue_::AsObjectRef<tvm::runtime::Array<tvm::PrimExpr, void> >() const
        at /home/yj/tvm/include/tvm/runtime/packed_func.h:1102
  File "/home/yj/tvm/include/tvm/runtime/packed_func.h", line 777
        at /home/yj/tvm/include/tvm/runtime/packed_func.h:1887
TVMError: 
---------------------------------------------------------------
An error occurred during the execution of TVM.
For more information, please see: https://tvm.apache.org/docs/errors.html
---------------------------------------------------------------
  Check failed: (pval != nullptr) is false: Cannot allocate memory symbolic tensor shape [?]

During handling of the above exception, another exception occurred:

TVMError: In function tir.ProducerLoad(0: tir.DataProducer, 1: Array<PrimExpr>, 2: Span) -> tir.ProducerLoad: error while converting argument 1: [13:18:34] /home/yj/tvm/include/tvm/runtime/packed_func.h:1887: 
---------------------------------------------------------------
An error occurred during the execution of TVM.
For more information, please see: https://tvm.apache.org/docs/errors.html
---------------------------------------------------------------

  Check failed: type_code_ == kTVMObjectHandle (0 vs. 8) : expected Object but got int

